Archive member included to satisfy reference by file (symbol)

../Middlewares/ST/ARM/DSP/Lib\libarm_cortexM4lf_math.a(arm_sin_f32.o)
                              ./my_drivers/pid_tools/float_tools.o (arm_sin_f32)
../Middlewares/ST/ARM/DSP/Lib\libarm_cortexM4lf_math.a(arm_cos_f32.o)
                              ./my_drivers/pid_tools/float_tools.o (arm_cos_f32)
../Middlewares/ST/ARM/DSP/Lib\libarm_cortexM4lf_math.a(arm_common_tables.o)
                              ../Middlewares/ST/ARM/DSP/Lib\libarm_cortexM4lf_math.a(arm_sin_f32.o) (sinTable_f32)
D:/STM32CubeIDE_1.18.1/STM32CubeIDE/plugins/com.st.stm32cube.ide.mcu.externaltools.gnu-tools-for-stm32.13.3.rel1.win32_1.0.0.202411081344/tools/bin/../lib/gcc/arm-none-eabi/13.3.1/../../../../arm-none-eabi/lib/thumb/v7e-m+fp/hard\libc_nano.a(libc_a-exit.o)
                              D:/STM32CubeIDE_1.18.1/STM32CubeIDE/plugins/com.st.stm32cube.ide.mcu.externaltools.gnu-tools-for-stm32.13.3.rel1.win32_1.0.0.202411081344/tools/bin/../lib/gcc/arm-none-eabi/13.3.1/../../../../arm-none-eabi/lib/thumb/v7e-m+fp/hard/crt0.o (exit)
D:/STM32CubeIDE_1.18.1/STM32CubeIDE/plugins/com.st.stm32cube.ide.mcu.externaltools.gnu-tools-for-stm32.13.3.rel1.win32_1.0.0.202411081344/tools/bin/../lib/gcc/arm-none-eabi/13.3.1/../../../../arm-none-eabi/lib/thumb/v7e-m+fp/hard\libc_nano.a(libc_a-findfp.o)
                              D:/STM32CubeIDE_1.18.1/STM32CubeIDE/plugins/com.st.stm32cube.ide.mcu.externaltools.gnu-tools-for-stm32.13.3.rel1.win32_1.0.0.202411081344/tools/bin/../lib/gcc/arm-none-eabi/13.3.1/../../../../arm-none-eabi/lib/thumb/v7e-m+fp/hard\libc_nano.a(libc_a-exit.o) (__stdio_exit_handler)
D:/STM32CubeIDE_1.18.1/STM32CubeIDE/plugins/com.st.stm32cube.ide.mcu.externaltools.gnu-tools-for-stm32.13.3.rel1.win32_1.0.0.202411081344/tools/bin/../lib/gcc/arm-none-eabi/13.3.1/../../../../arm-none-eabi/lib/thumb/v7e-m+fp/hard\libc_nano.a(libc_a-fwalk.o)
                              D:/STM32CubeIDE_1.18.1/STM32CubeIDE/plugins/com.st.stm32cube.ide.mcu.externaltools.gnu-tools-for-stm32.13.3.rel1.win32_1.0.0.202411081344/tools/bin/../lib/gcc/arm-none-eabi/13.3.1/../../../../arm-none-eabi/lib/thumb/v7e-m+fp/hard\libc_nano.a(libc_a-findfp.o) (_fwalk_sglue)
D:/STM32CubeIDE_1.18.1/STM32CubeIDE/plugins/com.st.stm32cube.ide.mcu.externaltools.gnu-tools-for-stm32.13.3.rel1.win32_1.0.0.202411081344/tools/bin/../lib/gcc/arm-none-eabi/13.3.1/../../../../arm-none-eabi/lib/thumb/v7e-m+fp/hard\libc_nano.a(libc_a-stdio.o)
                              D:/STM32CubeIDE_1.18.1/STM32CubeIDE/plugins/com.st.stm32cube.ide.mcu.externaltools.gnu-tools-for-stm32.13.3.rel1.win32_1.0.0.202411081344/tools/bin/../lib/gcc/arm-none-eabi/13.3.1/../../../../arm-none-eabi/lib/thumb/v7e-m+fp/hard\libc_nano.a(libc_a-findfp.o) (__sread)
D:/STM32CubeIDE_1.18.1/STM32CubeIDE/plugins/com.st.stm32cube.ide.mcu.externaltools.gnu-tools-for-stm32.13.3.rel1.win32_1.0.0.202411081344/tools/bin/../lib/gcc/arm-none-eabi/13.3.1/../../../../arm-none-eabi/lib/thumb/v7e-m+fp/hard\libc_nano.a(libc_a-memset.o)
                              D:/STM32CubeIDE_1.18.1/STM32CubeIDE/plugins/com.st.stm32cube.ide.mcu.externaltools.gnu-tools-for-stm32.13.3.rel1.win32_1.0.0.202411081344/tools/bin/../lib/gcc/arm-none-eabi/13.3.1/../../../../arm-none-eabi/lib/thumb/v7e-m+fp/hard/crt0.o (memset)
D:/STM32CubeIDE_1.18.1/STM32CubeIDE/plugins/com.st.stm32cube.ide.mcu.externaltools.gnu-tools-for-stm32.13.3.rel1.win32_1.0.0.202411081344/tools/bin/../lib/gcc/arm-none-eabi/13.3.1/../../../../arm-none-eabi/lib/thumb/v7e-m+fp/hard\libc_nano.a(libc_a-closer.o)
                              D:/STM32CubeIDE_1.18.1/STM32CubeIDE/plugins/com.st.stm32cube.ide.mcu.externaltools.gnu-tools-for-stm32.13.3.rel1.win32_1.0.0.202411081344/tools/bin/../lib/gcc/arm-none-eabi/13.3.1/../../../../arm-none-eabi/lib/thumb/v7e-m+fp/hard\libc_nano.a(libc_a-stdio.o) (_close_r)
D:/STM32CubeIDE_1.18.1/STM32CubeIDE/plugins/com.st.stm32cube.ide.mcu.externaltools.gnu-tools-for-stm32.13.3.rel1.win32_1.0.0.202411081344/tools/bin/../lib/gcc/arm-none-eabi/13.3.1/../../../../arm-none-eabi/lib/thumb/v7e-m+fp/hard\libc_nano.a(libc_a-reent.o)
                              D:/STM32CubeIDE_1.18.1/STM32CubeIDE/plugins/com.st.stm32cube.ide.mcu.externaltools.gnu-tools-for-stm32.13.3.rel1.win32_1.0.0.202411081344/tools/bin/../lib/gcc/arm-none-eabi/13.3.1/../../../../arm-none-eabi/lib/thumb/v7e-m+fp/hard\libc_nano.a(libc_a-closer.o) (errno)
D:/STM32CubeIDE_1.18.1/STM32CubeIDE/plugins/com.st.stm32cube.ide.mcu.externaltools.gnu-tools-for-stm32.13.3.rel1.win32_1.0.0.202411081344/tools/bin/../lib/gcc/arm-none-eabi/13.3.1/../../../../arm-none-eabi/lib/thumb/v7e-m+fp/hard\libc_nano.a(libc_a-impure.o)
                              D:/STM32CubeIDE_1.18.1/STM32CubeIDE/plugins/com.st.stm32cube.ide.mcu.externaltools.gnu-tools-for-stm32.13.3.rel1.win32_1.0.0.202411081344/tools/bin/../lib/gcc/arm-none-eabi/13.3.1/../../../../arm-none-eabi/lib/thumb/v7e-m+fp/hard\libc_nano.a(libc_a-reent.o) (_impure_ptr)
[...]
Memory Configuration

Name             Origin             Length             Attributes
CCMRAM           0x10000000         0x00010000         xrw
RAM              0x20000000         0x00020000         xrw
FLASH            0x08000000         0x00100000         xr
*default*        0x00000000         0xffffffff

Linker script and memory map

LOAD D:/STM32CubeIDE_1.18.1/STM32CubeIDE/plugins/com.st.stm32cube.ide.mcu.externaltools.gnu-tools-for-stm32.13.3.rel1.win32_1.0.0.202411081344/tools/bin/../lib/gcc/arm-none-eabi/13.3.1/thumb/v7e-m+fp/hard/crti.o
LOAD D:/STM32CubeIDE_1.18.1/STM32CubeIDE/plugins/com.st.stm32cube.ide.mcu.externaltools.gnu-tools-for-stm32.13.3.rel1.win32_1.0.0.202411081344/tools/bin/../lib/gcc/arm-none-eabi/13.3.1/thumb/v7e-m+fp/hard/crtbegin.o
LOAD D:/STM32CubeIDE_1.18.1/STM32CubeIDE/plugins/com.st.stm32cube.ide.mcu.externaltools.gnu-tools-for-stm32.13.3.rel1.win32_1.0.0.202411081344/tools/bin/../lib/gcc/arm-none-eabi/13.3.1/../../../../arm-none-eabi/lib/thumb/v7e-m+fp/hard/crt0.o
LOAD ./Core/KEY/key.o
LOAD ./Core/OLED/oled.o
LOAD ./Core/Src/adc.o
LOAD ./Core/Src/dma.o
LOAD ./Core/Src/gpio.o
LOAD ./Core/Src/main.o
LOAD ./Core/Src/spi.o
LOAD ./Core/Src/stm32f4xx_hal_msp.o
LOAD ./Core/Src/stm32f4xx_it.o
LOAD ./Core/Src/syscalls.o
LOAD ./Core/Src/sysmem.o
LOAD ./Core/Src/system_stm32f4xx.o
LOAD ./Core/Src/tim.o
LOAD ./Core/Startup/startup_stm32f407vgtx.o
LOAD ./Drivers/STM32F4xx_HAL_Driver/Src/stm32f4xx_hal.o
LOAD ./Drivers/STM32F4xx_HAL_Driver/Src/stm32f4xx_hal_adc.o
LOAD ./Drivers/STM32F4xx_HAL_Driver/Src/stm32f4xx_hal_adc_ex.o
LOAD ./Drivers/STM32F4xx_HAL_Driver/Src/stm32f4xx_hal_cortex.o
LOAD ./Drivers/STM32F4xx_HAL_Driver/Src/stm32f4xx_hal_dma.o
LOAD ./Drivers/STM32F4xx_HAL_Driver/Src/stm32f4xx_hal_dma_ex.o
LOAD ./Drivers/STM32F4xx_HAL_Driver/Src/stm32f4xx_hal_exti.o
LOAD ./Drivers/STM32F4xx_HAL_Driver/Src/stm32f4xx_hal_flash.o
LOAD ./Drivers/STM32F4xx_HAL_Driver/Src/stm32f4xx_hal_flash_ex.o
LOAD ./Drivers/STM32F4xx_HAL_Driver/Src/stm32f4xx_hal_flash_ramfunc.o
LOAD ./Drivers/STM32F4xx_HAL_Driver/Src/stm32f4xx_hal_gpio.o
LOAD ./Drivers/STM32F4xx_HAL_Driver/Src/stm32f4xx_hal_pwr.o
LOAD ./Drivers/STM32F4xx_HAL_Driver/Src/stm32f4xx_hal_pwr_ex.o
LOAD ./Drivers/STM32F4xx_HAL_Driver/Src/stm32f4xx_hal_rcc.o
LOAD ./Drivers/STM32F4xx_HAL_Driver/Src/stm32f4xx_hal_rcc_ex.o
LOAD ./Drivers/STM32F4xx_HAL_Driver/Src/stm32f4xx_hal_spi.o
LOAD ./Drivers/STM32F4xx_HAL_Driver/Src/stm32f4xx_hal_tim.o
LOAD ./Drivers/STM32F4xx_HAL_Driver/Src/stm32f4xx_hal_tim_ex.o
LOAD ./Drivers/STM32F4xx_HAL_Driver/Src/stm32f4xx_ll_adc.o
LOAD ./my_drivers/pid_tools/float_tools.o
LOAD ../Middlewares/ST/ARM/DSP/Lib\libarm_cortexM4lf_math.a
START GROUP
LOAD D:/STM32CubeIDE_1.18.1/STM32CubeIDE/plugins/com.st.stm32cube.ide.mcu.externaltools.gnu-tools-for-stm32.13.3.rel1.win32_1.0.0.202411081344/tools/bin/../lib/gcc/arm-none-eabi/13.3.1/../../../../arm-none-eabi/lib/thumb/v7e-m+fp/hard\libc_nano.a
LOAD D:/STM32CubeIDE_1.18.1/STM32CubeIDE/plugins/com.st.stm32cube.ide.mcu.externaltools.gnu-tools-for-stm32.13.3.rel1.win32_1.0.0.202411081344/tools/bin/../lib/gcc/arm-none-eabi/13.3.1/../../../../arm-none-eabi/lib/thumb/v7e-m+fp/hard\libm.a
END GROUP
START GROUP
LOAD D:/STM32CubeIDE_1.18.1/STM32CubeIDE/plugins/com.st.stm32cube.ide.mcu.externaltools.gnu-tools-for-stm32.13.3.rel1.win32_1.0.0.202411081344/tools/bin/../lib/gcc/arm-none-eabi/13.3.1/thumb/v7e-m+fp/hard\libgcc.a
LOAD D:/STM32CubeIDE_1.18.1/STM32CubeIDE/plugins/com.st.stm32cube.ide.mcu.externaltools.gnu-tools-for-stm32.13.3.rel1.win32_1.0.0.202411081344/tools/bin/../lib/gcc/arm-none-eabi/13.3.1/../../../../arm-none-eabi/lib/thumb/v7e-m+fp/hard\libc_nano.a
END GROUP
START GROUP
LOAD D:/STM32CubeIDE_1.18.1/STM32CubeIDE/plugins/com.st.stm32cube.ide.mcu.externaltools.gnu-tools-for-stm32.13.3.rel1.win32_1.0.0.202411081344/tools/bin/../lib/gcc/arm-none-eabi/13.3.1/thumb/v7e-m+fp/hard\libgcc.a
LOAD D:/STM32CubeIDE_1.18.1/STM32CubeIDE/plugins/com.st.stm32cube.ide.mcu.externaltools.gnu-tools-for-stm32.13.3.rel1.win32_1.0.0.202411081344/tools/bin/../lib/gcc/arm-none-eabi/13.3.1/../../../../arm-none-eabi/lib/thumb/v7e-m+fp/hard\libc_nano.a
LOAD D:/STM32CubeIDE_1.18.1/STM32CubeIDE/plugins/com.st.stm32cube.ide.mcu.externaltools.gnu-tools-for-stm32.13.3.rel1.win32_1.0.0.202411081344/tools/bin/../lib/gcc/arm-none-eabi/13.3.1/../../../../arm-none-eabi/lib/thumb/v7e-m+fp/hard\libnosys.a
END GROUP
START GROUP
LOAD D:/STM32CubeIDE_1.18.1/STM32CubeIDE/plugins/com.st.stm32cube.ide.mcu.externaltools.gnu-tools-for-stm32.13.3.rel1.win32_1.0.0.202411081344/tools/bin/../lib/gcc/arm-none-eabi/13.3.1/thumb/v7e-m+fp/hard\libgcc.a
LOAD D:/STM32CubeIDE_1.18.1/STM32CubeIDE/plugins/com.st.stm32cube.ide.mcu.externaltools.gnu-tools-for-stm32.13.3.rel1.win32_1.0.0.202411081344/tools/bin/../lib/gcc/arm-none-eabi/13.3.1/../../../../arm-none-eabi/lib/thumb/v7e-m+fp/hard\libc_nano.a
LOAD D:/STM32CubeIDE_1.18.1/STM32CubeIDE/plugins/com.st.stm32cube.ide.mcu.externaltools.gnu-tools-for-stm32.13.3.rel1.win32_1.0.0.202411081344/tools/bin/../lib/gcc/arm-none-eabi/13.3.1/../../../../arm-none-eabi/lib/thumb/v7e-m+fp/hard\libnosys.a
END GROUP
LOAD D:/STM32CubeIDE_1.18.1/STM32CubeIDE/plugins/com.st.stm32cube.ide.mcu.externaltools.gnu-tools-for-stm32.13.3.rel1.win32_1.0.0.202411081344/tools/bin/../lib/gcc/arm-none-eabi/13.3.1/thumb/v7e-m+fp/hard/crtend.o
LOAD D:/STM32CubeIDE_1.18.1/STM32CubeIDE/plugins/com.st.stm32cube.ide.mcu.externaltools.gnu-tools-for-stm32.13.3.rel1.win32_1.0.0.202411081344/tools/bin/../lib/gcc/arm-none-eabi/13.3.1/thumb/v7e-m+fp/hard/crtn.o
                0x20020000                        _estack = (ORIGIN (RAM) + LENGTH (RAM))
                0x00000200                        _Min_Heap_Size = 0x200
                0x00000400                        _Min_Stack_Size = 0x400

.isr_vector     0x08000000      0x188
                0x08000000                        . = ALIGN (0x4)
 *(.isr_vector)
 .isr_vector    0x08000000      0x188 ./Core/Startup/startup_stm32f407vgtx.o
                0x08000000                g_pfnVectors
                0x08000188                        . = ALIGN (0x4)

.text           0x08000188     0x6a50
                0x08000188                        . = ALIGN (0x4)
 *(.text)
 .text          0x08000188       0x40 D:/STM32CubeIDE_1.18.1/STM32CubeIDE/plugins/com.st.stm32cube.ide.mcu.externaltools.gnu-tools-for-stm32.13.3.rel1.win32_1.0.0.202411081344/tools/bin/../lib/gcc/arm-none-eabi/13.3.1/thumb/v7e-m+fp/hard/crtbegin.o
 .text          0x080001c8      0x378 D:/STM32CubeIDE_1.18.1/STM32CubeIDE/plugins/com.st.stm32cube.ide.mcu.externaltools.gnu-tools-for-stm32.13.3.rel1.win32_1.0.0.202411081344/tools/bin/../lib/gcc/arm-none-eabi/13.3.1/thumb/v7e-m+fp/hard\libgcc.a(_arm_addsubdf3.o)
                0x080001c8                __aeabi_drsub
                0x080001d0                __aeabi_dsub
                0x080001d0                __subdf3
                0x080001d4                __aeabi_dadd
                0x080001d4                __adddf3
                0x0800044c                __floatunsidf
                0x0800044c                __aeabi_ui2d
                0x0800046c                __floatsidf
                0x0800046c                __aeabi_i2d
                0x08000490                __aeabi_f2d
                0x08000490                __extendsfdf2
                0x080004d4                __floatundidf
                0x080004d4                __aeabi_ul2d
                0x080004e4                __floatdidf
                0x080004e4                __aeabi_l2d
 .text          0x08000540      0x110 D:/STM32CubeIDE_1.18.1/STM32CubeIDE/plugins/com.st.stm32cube.ide.mcu.externaltools.gnu-tools-for-stm32.13.3.rel1.win32_1.0.0.202411081344/tools/bin/../lib/gcc/arm-none-eabi/13.3.1/thumb/v7e-m+fp/hard\libgcc.a(_arm_cmpdf2.o)
                0x08000540                __gtdf2
                0x08000540                __gedf2
                0x08000548                __ltdf2
                0x08000548                __ledf2
                0x08000550                __nedf2
                0x08000550                __eqdf2
                0x08000550                __cmpdf2
                0x080005cc                __aeabi_cdrcmple
                0x080005dc                __aeabi_cdcmpeq
                0x080005dc                __aeabi_cdcmple
                0x080005ec                __aeabi_dcmpeq
                0x08000600                __aeabi_dcmplt
                0x08000614                __aeabi_dcmple
                0x08000628                __aeabi_dcmpge
                0x0800063c                __aeabi_dcmpgt
 .text          0x08000650       0x50 D:/STM32CubeIDE_1.18.1/STM32CubeIDE/plugins/com.st.stm32cube.ide.mcu.externaltools.gnu-tools-for-stm32.13.3.rel1.win32_1.0.0.202411081344/tools/bin/../lib/gcc/arm-none-eabi/13.3.1/thumb/v7e-m+fp/hard\libgcc.a(_arm_fixdfsi.o)
                0x08000650                __aeabi_d2iz
                0x08000650                __fixdfsi
 .text          0x080006a0       0xa0 D:/STM32CubeIDE_1.18.1/STM32CubeIDE/plugins/com.st.stm32cube.ide.mcu.externaltools.gnu-tools-for-stm32.13.3.rel1.win32_1.0.0.202411081344/tools/bin/../lib/gcc/arm-none-eabi/13.3.1/thumb/v7e-m+fp/hard\libgcc.a(_arm_truncdfsf2.o)
                0x080006a0                __truncdfsf2
                0x080006a0                __aeabi_d2f
 .text          0x08000740       0x30 D:/STM32CubeIDE_1.18.1/STM32CubeIDE/plugins/com.st.stm32cube.ide.mcu.externaltools.gnu-tools-for-stm32.13.3.rel1.win32_1.0.0.202411081344/tools/bin/../lib/gcc/arm-none-eabi/13.3.1/thumb/v7e-m+fp/hard\libgcc.a(_aeabi_uldivmod.o)
                0x08000740                __aeabi_uldivmod
 .text          0x08000770      0x2f8 D:/STM32CubeIDE_1.18.1/STM32CubeIDE/plugins/com.st.stm32cube.ide.mcu.externaltools.gnu-tools-for-stm32.13.3.rel1.win32_1.0.0.202411081344/tools/bin/../lib/gcc/arm-none-eabi/13.3.1/thumb/v7e-m+fp/hard\libgcc.a(_udivmoddi4.o)
                0x08000770                __udivmoddi4
 .text          0x08000a68        0x4 D:/STM32CubeIDE_1.18.1/STM32CubeIDE/plugins/com.st.stm32cube.ide.mcu.externaltools.gnu-tools-for-stm32.13.3.rel1.win32_1.0.0.202411081344/tools/bin/../lib/gcc/arm-none-eabi/13.3.1/thumb/v7e-m+fp/hard\libgcc.a(_dvmd_tls.o)
                0x08000a68                __aeabi_idiv0
                0x08000a68                __aeabi_ldiv0
 *(.text*)
 .text.getKeyValue
                0x08000a6c       0xfc ./Core/KEY/key.o
                0x08000a6c                getKeyValue
 .text.delay_us
                0x08000b68       0x7c ./Core/KEY/key.o
                0x08000b68                delay_us
 .text.OLED_WR_Byte
                0x08000be4       0x70 ./Core/OLED/oled.o
                0x08000be4                OLED_WR_Byte
 .text.OLED_Set_Pos
                0x08000c54       0x54 ./Core/OLED/oled.o
                0x08000c54                OLED_Set_Pos
 .text.OLED_Clear
                0x08000ca8       0x5c ./Core/OLED/oled.o
                0x08000ca8                OLED_Clear
 .text.OLED_ShowChar
                0x08000d04       0x80 ./Core/OLED/oled.o
                0x08000d04                OLED_ShowChar
 .text.oled_pow
                0x08000d84       0x38 ./Core/OLED/oled.o
                0x08000d84                oled_pow
 .text.OLED_ShowNum
                0x08000dbc       0xcc ./Core/OLED/oled.o
                0x08000dbc                OLED_ShowNum
 .text.OLED_ShowString
                0x08000e88       0x5a ./Core/OLED/oled.o
                0x08000e88                OLED_ShowString
 *fill*         0x08000ee2        0x2 
 .text.OLED_ShowFloat
                0x08000ee4      0x218 ./Core/OLED/oled.o
                0x08000ee4                OLED_ShowFloat
 .text.OLED_Init
                0x080010fc      0x12c ./Core/OLED/oled.o
                0x080010fc                OLED_Init
 .text.MX_ADC1_Init
                0x08001228      0x118 ./Core/Src/adc.o
                0x08001228                MX_ADC1_Init
 .text.HAL_ADC_MspInit
                0x08001340      0x100 ./Core/Src/adc.o
                0x08001340                HAL_ADC_MspInit
 .text.MX_DMA_Init
                0x08001440       0x40 ./Core/Src/dma.o
                0x08001440                MX_DMA_Init
 .text.MX_GPIO_Init
                0x08001480      0x1a8 ./Core/Src/gpio.o
                0x08001480                MX_GPIO_Init
 .text.main     0x08001628      0x164 ./Core/Src/main.o
                0x08001628                main
 .text.SystemClock_Config
                0x0800178c       0xd4 ./Core/Src/main.o
                0x0800178c                SystemClock_Config
 .text.doADC    0x08001860      0x1f0 ./Core/Src/main.o
                0x08001860                doADC
 .text.U_PID    0x08001a50      0x150 ./Core/Src/main.o
                0x08001a50                U_PID
 .text.mppt     0x08001ba0      0x1c0 ./Core/Src/main.o
                0x08001ba0                mppt
 .text.Display  0x08001d60      0x21c ./Core/Src/main.o
                0x08001d60                Display
 .text.MainDutyAdjust
                0x08001f7c       0xb0 ./Core/Src/main.o
                0x08001f7c                MainDutyAdjust
 *fill*         0x0800202c        0x4 
 .text.KeyToControl
                0x08002030      0x3e8 ./Core/Src/main.o
                0x08002030                KeyToControl
 .text.paremeter_group_add
                0x08002418       0x54 ./Core/Src/main.o
                0x08002418                paremeter_group_add
 .text.paremeter_choose_add
                0x0800246c       0x58 ./Core/Src/main.o
                0x0800246c                paremeter_choose_add
 .text.paremeter_display
                0x080024c4      0x260 ./Core/Src/main.o
                0x080024c4                paremeter_display
 .text.HAL_TIM_PeriodElapsedCallback
                0x08002724       0x50 ./Core/Src/main.o
                0x08002724                HAL_TIM_PeriodElapsedCallback
 .text.Error_Handler
                0x08002774        0xc ./Core/Src/main.o
                0x08002774                Error_Handler
 .text.MX_SPI2_Init
                0x08002780       0x6c ./Core/Src/spi.o
                0x08002780                MX_SPI2_Init
 .text.MX_SPI3_Init
                0x080027ec       0x6c ./Core/Src/spi.o
                0x080027ec                MX_SPI3_Init
 .text.HAL_SPI_MspInit
                0x08002858      0x100 ./Core/Src/spi.o
                0x08002858                HAL_SPI_MspInit
 .text.HAL_MspInit
                0x08002958       0x50 ./Core/Src/stm32f4xx_hal_msp.o
                0x08002958                HAL_MspInit
 .text.NMI_Handler
                0x080029a8        0x8 ./Core/Src/stm32f4xx_it.o
                0x080029a8                NMI_Handler
 .text.HardFault_Handler
                0x080029b0        0x8 ./Core/Src/stm32f4xx_it.o
                0x080029b0                HardFault_Handler
 .text.MemManage_Handler
                0x080029b8        0x8 ./Core/Src/stm32f4xx_it.o
                0x080029b8                MemManage_Handler
 .text.BusFault_Handler
                0x080029c0        0x8 ./Core/Src/stm32f4xx_it.o
                0x080029c0                BusFault_Handler
 .text.UsageFault_Handler
                0x080029c8        0x8 ./Core/Src/stm32f4xx_it.o
                0x080029c8                UsageFault_Handler
 .text.SVC_Handler
                0x080029d0        0xe ./Core/Src/stm32f4xx_it.o
                0x080029d0                SVC_Handler
 .text.DebugMon_Handler
                0x080029de        0xe ./Core/Src/stm32f4xx_it.o
                0x080029de                DebugMon_Handler
 .text.PendSV_Handler
                0x080029ec        0xe ./Core/Src/stm32f4xx_it.o
                0x080029ec                PendSV_Handler
 .text.SysTick_Handler
                0x080029fa        0xc ./Core/Src/stm32f4xx_it.o
                0x080029fa                SysTick_Handler
 *fill*         0x08002a06        0x2 
 .text.ADC_IRQHandler
                0x08002a08       0x14 ./Core/Src/stm32f4xx_it.o
                0x08002a08                ADC_IRQHandler
 .text.TIM2_IRQHandler
                0x08002a1c       0x14 ./Core/Src/stm32f4xx_it.o
                0x08002a1c                TIM2_IRQHandler
 .text.TIM4_IRQHandler
                0x08002a30       0x14 ./Core/Src/stm32f4xx_it.o
                0x08002a30                TIM4_IRQHandler
 .text.DMA2_Stream0_IRQHandler
                0x08002a44       0x14 ./Core/Src/stm32f4xx_it.o
                0x08002a44                DMA2_Stream0_IRQHandler
 .text.SystemInit
                0x08002a58       0x24 ./Core/Src/system_stm32f4xx.o
                0x08002a58                SystemInit
 .text.MX_TIM1_Init
                0x08002a7c      0x160 ./Core/Src/tim.o
                0x08002a7c                MX_TIM1_Init
 .text.MX_TIM2_Init
                0x08002bdc       0x98 ./Core/Src/tim.o
                0x08002bdc                MX_TIM2_Init
 .text.MX_TIM3_Init
                0x08002c74       0x9c ./Core/Src/tim.o
                0x08002c74                MX_TIM3_Init
 .text.MX_TIM4_Init
                0x08002d10       0x9c ./Core/Src/tim.o
                0x08002d10                MX_TIM4_Init
 .text.HAL_TIM_Base_MspInit
                0x08002dac       0xe0 ./Core/Src/tim.o
                0x08002dac                HAL_TIM_Base_MspInit
 .text.HAL_TIM_MspPostInit
                0x08002e8c       0xf4 ./Core/Src/tim.o
                0x08002e8c                HAL_TIM_MspPostInit
 .text.Reset_Handler
                0x08002f80       0x50 ./Core/Startup/startup_stm32f407vgtx.o
                0x08002f80                Reset_Handler
 .text.Default_Handler
                0x08002fd0        0x2 ./Core/Startup/startup_stm32f407vgtx.o
                0x08002fd0                RTC_Alarm_IRQHandler
                0x08002fd0                HASH_RNG_IRQHandler
                0x08002fd0                EXTI2_IRQHandler
                0x08002fd0                TIM8_CC_IRQHandler
                0x08002fd0                TIM1_CC_IRQHandler
                0x08002fd0                DMA2_Stream5_IRQHandler
                0x08002fd0                DMA1_Stream5_IRQHandler
                0x08002fd0                PVD_IRQHandler
                0x08002fd0                SDIO_IRQHandler
                0x08002fd0                TAMP_STAMP_IRQHandler
                0x08002fd0                CAN2_RX1_IRQHandler
                0x08002fd0                EXTI3_IRQHandler
                0x08002fd0                TIM8_TRG_COM_TIM14_IRQHandler
                0x08002fd0                TIM1_UP_TIM10_IRQHandler
                0x08002fd0                TIM8_UP_TIM13_IRQHandler
                0x08002fd0                I2C3_ER_IRQHandler
                0x08002fd0                EXTI0_IRQHandler
                0x08002fd0                I2C2_EV_IRQHandler
                0x08002fd0                DMA1_Stream2_IRQHandler
                0x08002fd0                CAN1_RX0_IRQHandler
                0x08002fd0                FPU_IRQHandler
                0x08002fd0                OTG_HS_WKUP_IRQHandler
                0x08002fd0                CAN2_SCE_IRQHandler
                0x08002fd0                DMA2_Stream2_IRQHandler
                0x08002fd0                SPI1_IRQHandler
                0x08002fd0                TIM6_DAC_IRQHandler
                0x08002fd0                TIM1_BRK_TIM9_IRQHandler
                0x08002fd0                DCMI_IRQHandler
                0x08002fd0                CAN2_RX0_IRQHandler
                0x08002fd0                DMA2_Stream3_IRQHandler
                0x08002fd0                USART6_IRQHandler
                0x08002fd0                USART3_IRQHandler
                0x08002fd0                CAN1_RX1_IRQHandler
                0x08002fd0                UART5_IRQHandler
                0x08002fd0                I2C1_EV_IRQHandler
                0x08002fd0                DMA1_Stream6_IRQHandler
                0x08002fd0                DMA1_Stream1_IRQHandler
                0x08002fd0                UART4_IRQHandler
                0x08002fd0                TIM3_IRQHandler
                0x08002fd0                RCC_IRQHandler
                0x08002fd0                TIM8_BRK_TIM12_IRQHandler
                0x08002fd0                Default_Handler
                0x08002fd0                EXTI15_10_IRQHandler
                0x08002fd0                DMA1_Stream7_IRQHandler
                0x08002fd0                TIM7_IRQHandler
                0x08002fd0                CAN2_TX_IRQHandler
                0x08002fd0                TIM5_IRQHandler
                0x08002fd0                DMA2_Stream7_IRQHandler
                0x08002fd0                I2C3_EV_IRQHandler
                0x08002fd0                EXTI9_5_IRQHandler
                0x08002fd0                RTC_WKUP_IRQHandler
                0x08002fd0                ETH_WKUP_IRQHandler
                0x08002fd0                SPI2_IRQHandler
                0x08002fd0                OTG_HS_EP1_IN_IRQHandler
                0x08002fd0                DMA1_Stream0_IRQHandler
                0x08002fd0                CAN1_TX_IRQHandler
                0x08002fd0                EXTI4_IRQHandler
                0x08002fd0                FSMC_IRQHandler
                0x08002fd0                ETH_IRQHandler
                0x08002fd0                OTG_HS_EP1_OUT_IRQHandler
                0x08002fd0                WWDG_IRQHandler
                0x08002fd0                OTG_FS_WKUP_IRQHandler
                0x08002fd0                TIM1_TRG_COM_TIM11_IRQHandler
                0x08002fd0                OTG_HS_IRQHandler
                0x08002fd0                EXTI1_IRQHandler
                0x08002fd0                USART2_IRQHandler
                0x08002fd0                I2C2_ER_IRQHandler
                0x08002fd0                DMA2_Stream1_IRQHandler
                0x08002fd0                CAN1_SCE_IRQHandler
                0x08002fd0                FLASH_IRQHandler
                0x08002fd0                DMA2_Stream4_IRQHandler
                0x08002fd0                USART1_IRQHandler
                0x08002fd0                OTG_FS_IRQHandler
                0x08002fd0                SPI3_IRQHandler
                0x08002fd0                DMA1_Stream4_IRQHandler
                0x08002fd0                I2C1_ER_IRQHandler
                0x08002fd0                DMA2_Stream6_IRQHandler
                0x08002fd0                DMA1_Stream3_IRQHandler
 *fill*         0x08002fd2        0x2 
 .text.HAL_Init
                0x08002fd4       0x44 ./Drivers/STM32F4xx_HAL_Driver/Src/stm32f4xx_hal.o
                0x08002fd4                HAL_Init
 .text.HAL_InitTick
                0x08003018       0x60 ./Drivers/STM32F4xx_HAL_Driver/Src/stm32f4xx_hal.o
                0x08003018                HAL_InitTick
 .text.HAL_IncTick
                0x08003078       0x28 ./Drivers/STM32F4xx_HAL_Driver/Src/stm32f4xx_hal.o
                0x08003078                HAL_IncTick
 .text.HAL_GetTick
                0x080030a0       0x18 ./Drivers/STM32F4xx_HAL_Driver/Src/stm32f4xx_hal.o
                0x080030a0                HAL_GetTick
 .text.HAL_Delay
                0x080030b8       0x48 ./Drivers/STM32F4xx_HAL_Driver/Src/stm32f4xx_hal.o
                0x080030b8                HAL_Delay
 .text.HAL_ADC_Init
                0x08003100       0x86 ./Drivers/STM32F4xx_HAL_Driver/Src/stm32f4xx_hal_adc.o
                0x08003100                HAL_ADC_Init
 .text.HAL_ADC_IRQHandler
                0x08003186      0x220 ./Drivers/STM32F4xx_HAL_Driver/Src/stm32f4xx_hal_adc.o
                0x08003186                HAL_ADC_IRQHandler
 *fill*         0x080033a6        0x2 
 .text.HAL_ADC_Start_DMA
                0x080033a8      0x228 ./Drivers/STM32F4xx_HAL_Driver/Src/stm32f4xx_hal_adc.o
                0x080033a8                HAL_ADC_Start_DMA
 .text.HAL_ADC_ConvCpltCallback
                0x080035d0       0x14 ./Drivers/STM32F4xx_HAL_Driver/Src/stm32f4xx_hal_adc.o
                0x080035d0                HAL_ADC_ConvCpltCallback
 .text.HAL_ADC_ConvHalfCpltCallback
                0x080035e4       0x14 ./Drivers/STM32F4xx_HAL_Driver/Src/stm32f4xx_hal_adc.o
                0x080035e4                HAL_ADC_ConvHalfCpltCallback
 .text.HAL_ADC_LevelOutOfWindowCallback
                0x080035f8       0x14 ./Drivers/STM32F4xx_HAL_Driver/Src/stm32f4xx_hal_adc.o
                0x080035f8                HAL_ADC_LevelOutOfWindowCallback
 .text.HAL_ADC_ErrorCallback
                0x0800360c       0x14 ./Drivers/STM32F4xx_HAL_Driver/Src/stm32f4xx_hal_adc.o
                0x0800360c                HAL_ADC_ErrorCallback
 .text.HAL_ADC_ConfigChannel
                0x08003620      0x244 ./Drivers/STM32F4xx_HAL_Driver/Src/stm32f4xx_hal_adc.o
                0x08003620                HAL_ADC_ConfigChannel
 .text.ADC_Init
                0x08003864      0x1f8 ./Drivers/STM32F4xx_HAL_Driver/Src/stm32f4xx_hal_adc.o
 .text.ADC_DMAConvCplt
                0x08003a5c       0xba ./Drivers/STM32F4xx_HAL_Driver/Src/stm32f4xx_hal_adc.o
 .text.ADC_DMAHalfConvCplt
                0x08003b16       0x1c ./Drivers/STM32F4xx_HAL_Driver/Src/stm32f4xx_hal_adc.o
 .text.ADC_DMAError
                0x08003b32       0x2e ./Drivers/STM32F4xx_HAL_Driver/Src/stm32f4xx_hal_adc.o
 .text.HAL_ADCEx_InjectedConvCpltCallback
                0x08003b60       0x14 ./Drivers/STM32F4xx_HAL_Driver/Src/stm32f4xx_hal_adc_ex.o
                0x08003b60                HAL_ADCEx_InjectedConvCpltCallback
 .text.__NVIC_SetPriorityGrouping
                0x08003b74       0x48 ./Drivers/STM32F4xx_HAL_Driver/Src/stm32f4xx_hal_cortex.o
 .text.__NVIC_GetPriorityGrouping
                0x08003bbc       0x1c ./Drivers/STM32F4xx_HAL_Driver/Src/stm32f4xx_hal_cortex.o
 .text.__NVIC_EnableIRQ
                0x08003bd8       0x3c ./Drivers/STM32F4xx_HAL_Driver/Src/stm32f4xx_hal_cortex.o
 .text.__NVIC_SetPriority
                0x08003c14       0x54 ./Drivers/STM32F4xx_HAL_Driver/Src/stm32f4xx_hal_cortex.o
 .text.NVIC_EncodePriority
                0x08003c68       0x66 ./Drivers/STM32F4xx_HAL_Driver/Src/stm32f4xx_hal_cortex.o
 *fill*         0x08003cce        0x2 
 .text.SysTick_Config
                0x08003cd0       0x44 ./Drivers/STM32F4xx_HAL_Driver/Src/stm32f4xx_hal_cortex.o
 .text.HAL_NVIC_SetPriorityGrouping
                0x08003d14       0x16 ./Drivers/STM32F4xx_HAL_Driver/Src/stm32f4xx_hal_cortex.o
                0x08003d14                HAL_NVIC_SetPriorityGrouping
 .text.HAL_NVIC_SetPriority
                0x08003d2a       0x38 ./Drivers/STM32F4xx_HAL_Driver/Src/stm32f4xx_hal_cortex.o
                0x08003d2a                HAL_NVIC_SetPriority
 .text.HAL_NVIC_EnableIRQ
                0x08003d62       0x1c ./Drivers/STM32F4xx_HAL_Driver/Src/stm32f4xx_hal_cortex.o
                0x08003d62                HAL_NVIC_EnableIRQ
 .text.HAL_SYSTICK_Config
                0x08003d7e       0x18 ./Drivers/STM32F4xx_HAL_Driver/Src/stm32f4xx_hal_cortex.o
                0x08003d7e                HAL_SYSTICK_Config
 *fill*         0x08003d96        0x2 
 .text.HAL_DMA_Init
                0x08003d98      0x15c ./Drivers/STM32F4xx_HAL_Driver/Src/stm32f4xx_hal_dma.o
                0x08003d98                HAL_DMA_Init
 .text.HAL_DMA_Start_IT
                0x08003ef4       0xb0 ./Drivers/STM32F4xx_HAL_Driver/Src/stm32f4xx_hal_dma.o
                0x08003ef4                HAL_DMA_Start_IT
 .text.HAL_DMA_IRQHandler
                0x08003fa4      0x314 ./Drivers/STM32F4xx_HAL_Driver/Src/stm32f4xx_hal_dma.o
                0x08003fa4                HAL_DMA_IRQHandler
 .text.DMA_SetConfig
                0x080042b8       0x5c ./Drivers/STM32F4xx_HAL_Driver/Src/stm32f4xx_hal_dma.o
 .text.DMA_CalcBaseAndBitshift
                0x08004314       0x6c ./Drivers/STM32F4xx_HAL_Driver/Src/stm32f4xx_hal_dma.o
 .text.DMA_CheckFifoParam
                0x08004380       0xf8 ./Drivers/STM32F4xx_HAL_Driver/Src/stm32f4xx_hal_dma.o
 .text.HAL_GPIO_Init
                0x08004478      0x338 ./Drivers/STM32F4xx_HAL_Driver/Src/stm32f4xx_hal_gpio.o
                0x08004478                HAL_GPIO_Init
 .text.HAL_GPIO_WritePin
                0x080047b0       0x32 ./Drivers/STM32F4xx_HAL_Driver/Src/stm32f4xx_hal_gpio.o
                0x080047b0                HAL_GPIO_WritePin
 *fill*         0x080047e2        0x2 
 .text.HAL_RCC_OscConfig
                0x080047e4      0x4f0 ./Drivers/STM32F4xx_HAL_Driver/Src/stm32f4xx_hal_rcc.o
                0x080047e4                HAL_RCC_OscConfig
 .text.HAL_RCC_ClockConfig
                0x08004cd4      0x1cc ./Drivers/STM32F4xx_HAL_Driver/Src/stm32f4xx_hal_rcc.o
                0x08004cd4                HAL_RCC_ClockConfig
 .text.HAL_RCC_GetSysClockFreq
                0x08004ea0      0x20c ./Drivers/STM32F4xx_HAL_Driver/Src/stm32f4xx_hal_rcc.o
                0x08004ea0                HAL_RCC_GetSysClockFreq
 .text.HAL_SPI_Init
                0x080050ac      0x112 ./Drivers/STM32F4xx_HAL_Driver/Src/stm32f4xx_hal_spi.o
                0x080050ac                HAL_SPI_Init
 .text.HAL_SPI_Transmit
                0x080051be      0x288 ./Drivers/STM32F4xx_HAL_Driver/Src/stm32f4xx_hal_spi.o
                0x080051be                HAL_SPI_Transmit
 *fill*         0x08005446        0x2 
 .text.SPI_WaitFlagStateUntilTimeout
                0x08005448      0x110 ./Drivers/STM32F4xx_HAL_Driver/Src/stm32f4xx_hal_spi.o
 .text.SPI_EndRxTxTransaction
                0x08005558       0xa8 ./Drivers/STM32F4xx_HAL_Driver/Src/stm32f4xx_hal_spi.o
 .text.HAL_TIM_Base_Init
                0x08005600       0x9e ./Drivers/STM32F4xx_HAL_Driver/Src/stm32f4xx_hal_tim.o
                0x08005600                HAL_TIM_Base_Init
 *fill*         0x0800569e        0x2 
 .text.HAL_TIM_Base_Start
                0x080056a0       0xd0 ./Drivers/STM32F4xx_HAL_Driver/Src/stm32f4xx_hal_tim.o
                0x080056a0                HAL_TIM_Base_Start
 .text.HAL_TIM_Base_Start_IT
                0x08005770       0xe0 ./Drivers/STM32F4xx_HAL_Driver/Src/stm32f4xx_hal_tim.o
                0x08005770                HAL_TIM_Base_Start_IT
 .text.HAL_TIM_PWM_Init
                0x08005850       0x9e ./Drivers/STM32F4xx_HAL_Driver/Src/stm32f4xx_hal_tim.o
                0x08005850                HAL_TIM_PWM_Init
 .text.HAL_TIM_PWM_MspInit
                0x080058ee       0x14 ./Drivers/STM32F4xx_HAL_Driver/Src/stm32f4xx_hal_tim.o
                0x080058ee                HAL_TIM_PWM_MspInit
 *fill*         0x08005902        0x2 
 .text.HAL_TIM_PWM_Start
                0x08005904      0x190 ./Drivers/STM32F4xx_HAL_Driver/Src/stm32f4xx_hal_tim.o
                0x08005904                HAL_TIM_PWM_Start
 .text.HAL_TIM_IRQHandler
                0x08005a94      0x1e0 ./Drivers/STM32F4xx_HAL_Driver/Src/stm32f4xx_hal_tim.o
                0x08005a94                HAL_TIM_IRQHandler
 .text.HAL_TIM_PWM_ConfigChannel
                0x08005c74      0x184 ./Drivers/STM32F4xx_HAL_Driver/Src/stm32f4xx_hal_tim.o
                0x08005c74                HAL_TIM_PWM_ConfigChannel
 .text.HAL_TIM_ConfigClockSource
                0x08005df8      0x18e ./Drivers/STM32F4xx_HAL_Driver/Src/stm32f4xx_hal_tim.o
                0x08005df8                HAL_TIM_ConfigClockSource
 .text.HAL_TIM_OC_DelayElapsedCallback
                0x08005f86       0x14 ./Drivers/STM32F4xx_HAL_Driver/Src/stm32f4xx_hal_tim.o
                0x08005f86                HAL_TIM_OC_DelayElapsedCallback
 .text.HAL_TIM_IC_CaptureCallback
                0x08005f9a       0x14 ./Drivers/STM32F4xx_HAL_Driver/Src/stm32f4xx_hal_tim.o
                0x08005f9a                HAL_TIM_IC_CaptureCallback
 .text.HAL_TIM_PWM_PulseFinishedCallback
                0x08005fae       0x14 ./Drivers/STM32F4xx_HAL_Driver/Src/stm32f4xx_hal_tim.o
                0x08005fae                HAL_TIM_PWM_PulseFinishedCallback
 .text.HAL_TIM_TriggerCallback
                0x08005fc2       0x14 ./Drivers/STM32F4xx_HAL_Driver/Src/stm32f4xx_hal_tim.o
                0x08005fc2                HAL_TIM_TriggerCallback
 *fill*         0x08005fd6        0x2 
 .text.TIM_Base_SetConfig
                0x08005fd8      0x14c ./Drivers/STM32F4xx_HAL_Driver/Src/stm32f4xx_hal_tim.o
                0x08005fd8                TIM_Base_SetConfig
 .text.TIM_OC1_SetConfig
                0x08006124       0xe0 ./Drivers/STM32F4xx_HAL_Driver/Src/stm32f4xx_hal_tim.o
 .text.TIM_OC2_SetConfig
                0x08006204       0xec ./Drivers/STM32F4xx_HAL_Driver/Src/stm32f4xx_hal_tim.o
                0x08006204                TIM_OC2_SetConfig
 .text.TIM_OC3_SetConfig
                0x080062f0       0xe8 ./Drivers/STM32F4xx_HAL_Driver/Src/stm32f4xx_hal_tim.o
 .text.TIM_OC4_SetConfig
                0x080063d8       0xac ./Drivers/STM32F4xx_HAL_Driver/Src/stm32f4xx_hal_tim.o
 .text.TIM_TI1_ConfigInputStage
                0x08006484       0x5e ./Drivers/STM32F4xx_HAL_Driver/Src/stm32f4xx_hal_tim.o
 .text.TIM_TI2_ConfigInputStage
                0x080064e2       0x60 ./Drivers/STM32F4xx_HAL_Driver/Src/stm32f4xx_hal_tim.o
 .text.TIM_ITRx_SetConfig
                0x08006542       0x36 ./Drivers/STM32F4xx_HAL_Driver/Src/stm32f4xx_hal_tim.o
 .text.TIM_ETR_SetConfig
                0x08006578       0x40 ./Drivers/STM32F4xx_HAL_Driver/Src/stm32f4xx_hal_tim.o
                0x08006578                TIM_ETR_SetConfig
 .text.TIM_CCxChannelCmd
                0x080065b8       0x4a ./Drivers/STM32F4xx_HAL_Driver/Src/stm32f4xx_hal_tim.o
                0x080065b8                TIM_CCxChannelCmd
 *fill*         0x08006602        0x2 
 .text.HAL_TIMEx_PWMN_Start
                0x08006604      0x174 ./Drivers/STM32F4xx_HAL_Driver/Src/stm32f4xx_hal_tim_ex.o
                0x08006604                HAL_TIMEx_PWMN_Start
 .text.HAL_TIMEx_MasterConfigSynchronization
                0x08006778       0xf8 ./Drivers/STM32F4xx_HAL_Driver/Src/stm32f4xx_hal_tim_ex.o
                0x08006778                HAL_TIMEx_MasterConfigSynchronization
 .text.HAL_TIMEx_ConfigBreakDeadTime
                0x08006870       0xa4 ./Drivers/STM32F4xx_HAL_Driver/Src/stm32f4xx_hal_tim_ex.o
                0x08006870                HAL_TIMEx_ConfigBreakDeadTime
 .text.HAL_TIMEx_CommutCallback
                0x08006914       0x14 ./Drivers/STM32F4xx_HAL_Driver/Src/stm32f4xx_hal_tim_ex.o
                0x08006914                HAL_TIMEx_CommutCallback
 .text.HAL_TIMEx_BreakCallback
                0x08006928       0x14 ./Drivers/STM32F4xx_HAL_Driver/Src/stm32f4xx_hal_tim_ex.o
                0x08006928                HAL_TIMEx_BreakCallback
 .text.TIM_CCxNChannelCmd
                0x0800693c       0x4a ./Drivers/STM32F4xx_HAL_Driver/Src/stm32f4xx_hal_tim_ex.o
 .text.PID_init_F
                0x08006986       0x9c ./my_drivers/pid_tools/float_tools.o
                0x08006986                PID_init_F
 *fill*         0x08006a22        0x6 
 .text.PID_step_F
                0x08006a28       0xd8 ./my_drivers/pid_tools/float_tools.o
                0x08006a28                PID_step_F
 .text.PID_CHANGE_PARAM_F
                0x08006b00       0x68 ./my_drivers/pid_tools/float_tools.o
                0x08006b00                PID_CHANGE_PARAM_F
 .text.memset   0x08006b68       0x10 D:/STM32CubeIDE_1.18.1/STM32CubeIDE/plugins/com.st.stm32cube.ide.mcu.externaltools.gnu-tools-for-stm32.13.3.rel1.win32_1.0.0.202411081344/tools/bin/../lib/gcc/arm-none-eabi/13.3.1/../../../../arm-none-eabi/lib/thumb/v7e-m+fp/hard\libc_nano.a(libc_a-memset.o)
                0x08006b68                memset
 .text.__libc_init_array
                0x08006b78       0x48 D:/STM32CubeIDE_1.18.1/STM32CubeIDE/plugins/com.st.stm32cube.ide.mcu.externaltools.gnu-tools-for-stm32.13.3.rel1.win32_1.0.0.202411081344/tools/bin/../lib/gcc/arm-none-eabi/13.3.1/../../../../arm-none-eabi/lib/thumb/v7e-m+fp/hard\libc_nano.a(libc_a-init.o)
                0x08006b78                __libc_init_array
 *(.glue_7)
 .glue_7        0x08006bc0        0x0 linker stubs
 *(.glue_7t)
 .glue_7t       0x08006bc0        0x0 linker stubs
 *(.eh_frame)
 .eh_frame      0x08006bc0        0x0 D:/STM32CubeIDE_1.18.1/STM32CubeIDE/plugins/com.st.stm32cube.ide.mcu.externaltools.gnu-tools-for-stm32.13.3.rel1.win32_1.0.0.202411081344/tools/bin/../lib/gcc/arm-none-eabi/13.3.1/thumb/v7e-m+fp/hard/crtbegin.o
 *(.init)
 .init          0x08006bc0        0x4 D:/STM32CubeIDE_1.18.1/STM32CubeIDE/plugins/com.st.stm32cube.ide.mcu.externaltools.gnu-tools-for-stm32.13.3.rel1.win32_1.0.0.202411081344/tools/bin/../lib/gcc/arm-none-eabi/13.3.1/thumb/v7e-m+fp/hard/crti.o
                0x08006bc0                _init
 .init          0x08006bc4        0x8 D:/STM32CubeIDE_1.18.1/STM32CubeIDE/plugins/com.st.stm32cube.ide.mcu.externaltools.gnu-tools-for-stm32.13.3.rel1.win32_1.0.0.202411081344/tools/bin/../lib/gcc/arm-none-eabi/13.3.1/thumb/v7e-m+fp/hard/crtn.o
 *(.fini)
 .fini          0x08006bcc        0x4 D:/STM32CubeIDE_1.18.1/STM32CubeIDE/plugins/com.st.stm32cube.ide.mcu.externaltools.gnu-tools-for-stm32.13.3.rel1.win32_1.0.0.202411081344/tools/bin/../lib/gcc/arm-none-eabi/13.3.1/thumb/v7e-m+fp/hard/crti.o
                0x08006bcc                _fini
 .fini          0x08006bd0        0x8 D:/STM32CubeIDE_1.18.1/STM32CubeIDE/plugins/com.st.stm32cube.ide.mcu.externaltools.gnu-tools-for-stm32.13.3.rel1.win32_1.0.0.202411081344/tools/bin/../lib/gcc/arm-none-eabi/13.3.1/thumb/v7e-m+fp/hard/crtn.o
                0x08006bd8                        . = ALIGN (0x4)
                0x08006bd8                        _etext = .

.vfp11_veneer   0x08006bd8        0x0
 .vfp11_veneer  0x08006bd8        0x0 linker stubs

.v4_bx          0x08006bd8        0x0
 .v4_bx         0x08006bd8        0x0 linker stubs

.iplt           0x08006bd8        0x0
 .iplt          0x08006bd8        0x0 D:/STM32CubeIDE_1.18.1/STM32CubeIDE/plugins/com.st.stm32cube.ide.mcu.externaltools.gnu-tools-for-stm32.13.3.rel1.win32_1.0.0.202411081344/tools/bin/../lib/gcc/arm-none-eabi/13.3.1/thumb/v7e-m+fp/hard/crtbegin.o

.rodata         0x08006bd8      0x2cc
                0x08006bd8                        . = ALIGN (0x4)
 *(.rodata)
 .rodata        0x08006bd8       0x8a ./Core/Src/main.o
 *(.rodata*)
 *fill*         0x08006c62        0x2 
 .rodata.F6x8   0x08006c64      0x228 ./Core/OLED/oled.o
 .rodata.AHBPrescTable
                0x08006e8c       0x10 ./Core/Src/system_stm32f4xx.o
                0x08006e8c                AHBPrescTable
 .rodata.flagBitshiftOffset.0
                0x08006e9c        0x8 ./Drivers/STM32F4xx_HAL_Driver/Src/stm32f4xx_hal_dma.o
                0x08006ea4                        . = ALIGN (0x4)

.ARM.extab      0x08006ea4        0x0
                0x08006ea4                        . = ALIGN (0x4)
 *(.ARM.extab* .gnu.linkonce.armextab.*)
                0x08006ea4                        . = ALIGN (0x4)

.ARM            0x08006ea4        0x8
                0x08006ea4                        . = ALIGN (0x4)
                0x08006ea4                        __exidx_start = .
 *(.ARM.exidx*)
 .ARM.exidx     0x08006ea4        0x8 D:/STM32CubeIDE_1.18.1/STM32CubeIDE/plugins/com.st.stm32cube.ide.mcu.externaltools.gnu-tools-for-stm32.13.3.rel1.win32_1.0.0.202411081344/tools/bin/../lib/gcc/arm-none-eabi/13.3.1/thumb/v7e-m+fp/hard\libgcc.a(_udivmoddi4.o)
                0x08006eac                        __exidx_end = .
                0x08006eac                        . = ALIGN (0x4)

.preinit_array  0x08006eac        0x0
                0x08006eac                        . = ALIGN (0x4)
                0x08006eac                        PROVIDE (__preinit_array_start = .)
 *(.preinit_array*)
                0x08006eac                        PROVIDE (__preinit_array_end = .)
                0x08006eac                        . = ALIGN (0x4)

.init_array     0x08006eac        0x4
                0x08006eac                        . = ALIGN (0x4)
                0x08006eac                        PROVIDE (__init_array_start = .)
 *(SORT_BY_NAME(.init_array.*))
 *(.init_array*)
 .init_array    0x08006eac        0x4 D:/STM32CubeIDE_1.18.1/STM32CubeIDE/plugins/com.st.stm32cube.ide.mcu.externaltools.gnu-tools-for-stm32.13.3.rel1.win32_1.0.0.202411081344/tools/bin/../lib/gcc/arm-none-eabi/13.3.1/thumb/v7e-m+fp/hard/crtbegin.o
                0x08006eb0                        PROVIDE (__init_array_end = .)
                0x08006eb0                        . = ALIGN (0x4)

.fini_array     0x08006eb0        0x4
                0x08006eb0                        . = ALIGN (0x4)
                [!provide]                        PROVIDE (__fini_array_start = .)
 *(SORT_BY_NAME(.fini_array.*))
 *(.fini_array*)
 .fini_array    0x08006eb0        0x4 D:/STM32CubeIDE_1.18.1/STM32CubeIDE/plugins/com.st.stm32cube.ide.mcu.externaltools.gnu-tools-for-stm32.13.3.rel1.win32_1.0.0.202411081344/tools/bin/../lib/gcc/arm-none-eabi/13.3.1/thumb/v7e-m+fp/hard/crtbegin.o
                [!provide]                        PROVIDE (__fini_array_end = .)
                0x08006eb4                        . = ALIGN (0x4)
                0x08006eb4                        _sidata = LOADADDR (.data)

.rel.dyn        0x08006eb4        0x0
 .rel.iplt      0x08006eb4        0x0 D:/STM32CubeIDE_1.18.1/STM32CubeIDE/plugins/com.st.stm32cube.ide.mcu.externaltools.gnu-tools-for-stm32.13.3.rel1.win32_1.0.0.202411081344/tools/bin/../lib/gcc/arm-none-eabi/13.3.1/thumb/v7e-m+fp/hard/crtbegin.o

.data           0x20000000       0x78 load address 0x08006eb4
                0x20000000                        . = ALIGN (0x4)
                0x20000000                        _sdata = .
 *(.data)
 *(.data*)
 .data.model_func_pointer
                0x20000000       0x10 ./Core/Src/main.o
                0x20000000                model_func_pointer
 .data.Uo_set   0x20000010        0x4 ./Core/Src/main.o
                0x20000010                Uo_set
 .data.Uin_set  0x20000014        0x4 ./Core/Src/main.o
                0x20000014                Uin_set
 .data.Rs       0x20000018        0x4 ./Core/Src/main.o
                0x20000018                Rs
 .data.bias1    0x2000001c        0x4 ./Core/Src/main.o
                0x2000001c                bias1
 .data.bias2    0x20000020        0x4 ./Core/Src/main.o
                0x20000020                bias2
 .data.u1_duty  0x20000024        0x4 ./Core/Src/main.o
                0x20000024                u1_duty
 .data.u2_duty  0x20000028        0x4 ./Core/Src/main.o
                0x20000028                u2_duty
 .data.u1_p     0x2000002c        0x4 ./Core/Src/main.o
                0x2000002c                u1_p
 .data.u1_i     0x20000030        0x4 ./Core/Src/main.o
                0x20000030                u1_i
 .data.u2_p     0x20000034        0x4 ./Core/Src/main.o
                0x20000034                u2_p
 .data.u2_i     0x20000038        0x4 ./Core/Src/main.o
                0x20000038                u2_i
 .data.paremeter
                0x2000003c       0x30 ./Core/Src/main.o
                0x2000003c                paremeter
 .data.SystemCoreClock
                0x2000006c        0x4 ./Core/Src/system_stm32f4xx.o
                0x2000006c                SystemCoreClock
 .data.uwTickPrio
                0x20000070        0x4 ./Drivers/STM32F4xx_HAL_Driver/Src/stm32f4xx_hal.o
                0x20000070                uwTickPrio
 .data.uwTickFreq
                0x20000074        0x1 ./Drivers/STM32F4xx_HAL_Driver/Src/stm32f4xx_hal.o
                0x20000074                uwTickFreq
 *(.RamFunc)
 *(.RamFunc*)
                0x20000078                        . = ALIGN (0x4)
 *fill*         0x20000075        0x3 
                0x20000078                        _edata = .
                0x08006f2c                        _siccmram = LOADADDR (.ccmram)

.igot.plt       0x20000078        0x0 load address 0x08006f2c
 .igot.plt      0x20000078        0x0 D:/STM32CubeIDE_1.18.1/STM32CubeIDE/plugins/com.st.stm32cube.ide.mcu.externaltools.gnu-tools-for-stm32.13.3.rel1.win32_1.0.0.202411081344/tools/bin/../lib/gcc/arm-none-eabi/13.3.1/thumb/v7e-m+fp/hard/crtbegin.o

.ccmram         0x10000000        0x0 load address 0x08006f2c
                0x10000000                        . = ALIGN (0x4)
                0x10000000                        _sccmram = .
 *(.ccmram)
 *(.ccmram*)
                0x10000000                        . = ALIGN (0x4)
                0x10000000                        _eccmram = .
                0x10000000                        . = ALIGN (0x4)

.bss            0x20000078      0x394
                0x20000078                        _sbss = .
                0x20000078                        __bss_start__ = _sbss
 *(.bss)
 .bss           0x20000078       0x1c D:/STM32CubeIDE_1.18.1/STM32CubeIDE/plugins/com.st.stm32cube.ide.mcu.externaltools.gnu-tools-for-stm32.13.3.rel1.win32_1.0.0.202411081344/tools/bin/../lib/gcc/arm-none-eabi/13.3.1/thumb/v7e-m+fp/hard/crtbegin.o
 *(.bss*)
 .bss.hadc1     0x20000094       0x48 ./Core/Src/adc.o
                0x20000094                hadc1
 .bss.hdma_adc1
                0x200000dc       0x60 ./Core/Src/adc.o
                0x200000dc                hdma_adc1
 .bss.mode_flag
                0x2000013c        0x4 ./Core/Src/main.o
                0x2000013c                mode_flag
 .bss.mppt_flag
                0x20000140        0x4 ./Core/Src/main.o
                0x20000140                mppt_flag
 .bss.mppt_try_flag
                0x20000144        0x4 ./Core/Src/main.o
                0x20000144                mppt_try_flag
 .bss.rs_flag   0x20000148        0x4 ./Core/Src/main.o
                0x20000148                rs_flag
 .bss.main_duty_manual_flag
                0x2000014c        0x4 ./Core/Src/main.o
                0x2000014c                main_duty_manual_flag
 .bss.paremeter_group_flag
                0x20000150        0x4 ./Core/Src/main.o
                0x20000150                paremeter_group_flag
 .bss.paremeter_choose_flag
                0x20000154        0x4 ./Core/Src/main.o
                0x20000154                paremeter_choose_flag
 .bss.paremeter_flag
                0x20000158        0x4 ./Core/Src/main.o
                0x20000158                paremeter_flag
 .bss.test      0x2000015c        0x4 ./Core/Src/main.o
                0x2000015c                test
 .bss.key_value
                0x20000160        0x4 ./Core/Src/main.o
                0x20000160                key_value
 .bss.key_value0
                0x20000164        0x4 ./Core/Src/main.o
                0x20000164                key_value0
 .bss.vol0      0x20000168        0x4 ./Core/Src/main.o
                0x20000168                vol0
 .bss.vol1      0x2000016c        0x4 ./Core/Src/main.o
                0x2000016c                vol1
 .bss.vol2      0x20000170        0x4 ./Core/Src/main.o
                0x20000170                vol2
 .bss.vol3      0x20000174        0x4 ./Core/Src/main.o
                0x20000174                vol3
 .bss.vol4      0x20000178        0x4 ./Core/Src/main.o
                0x20000178                vol4
 .bss.vref      0x2000017c        0x4 ./Core/Src/main.o
                0x2000017c                vref
 .bss.DMA_data  0x20000180       0x14 ./Core/Src/main.o
                0x20000180                DMA_data
 .bss.Uin       0x20000194        0x4 ./Core/Src/main.o
                0x20000194                Uin
 .bss.Iin       0x20000198        0x4 ./Core/Src/main.o
                0x20000198                Iin
 .bss.Uo        0x2000019c        0x4 ./Core/Src/main.o
                0x2000019c                Uo
 .bss.Us        0x200001a0        0x4 ./Core/Src/main.o
                0x200001a0                Us
 .bss.Rs1       0x200001a4        0x4 ./Core/Src/main.o
                0x200001a4                Rs1
 .bss.Rs2       0x200001a8        0x4 ./Core/Src/main.o
                0x200001a8                Rs2
 .bss.Rs3       0x200001ac        0x4 ./Core/Src/main.o
                0x200001ac                Rs3
 .bss.Uin1      0x200001b0        0x4 ./Core/Src/main.o
                0x200001b0                Uin1
 .bss.Iin1      0x200001b4        0x4 ./Core/Src/main.o
                0x200001b4                Iin1
 .bss.Uin2      0x200001b8        0x4 ./Core/Src/main.o
                0x200001b8                Uin2
 .bss.Iin2      0x200001bc        0x4 ./Core/Src/main.o
                0x200001bc                Iin2
 .bss.Uin3      0x200001c0        0x4 ./Core/Src/main.o
                0x200001c0                Uin3
 .bss.Iin3      0x200001c4        0x4 ./Core/Src/main.o
                0x200001c4                Iin3
 .bss.tem_err1  0x200001c8        0x4 ./Core/Src/main.o
                0x200001c8                tem_err1
 .bss.tem_err2  0x200001cc        0x4 ./Core/Src/main.o
                0x200001cc                tem_err2
 .bss.uo_b      0x200001d0        0x4 ./Core/Src/main.o
                0x200001d0                uo_b
 .bss.us_b      0x200001d4        0x4 ./Core/Src/main.o
                0x200001d4                us_b
 .bss.u1_loop   0x200001d8       0x30 ./Core/Src/main.o
                0x200001d8                u1_loop
 .bss.u2_loop   0x20000208       0x30 ./Core/Src/main.o
                0x20000208                u2_loop
 .bss.hspi2     0x20000238       0x58 ./Core/Src/spi.o
                0x20000238                hspi2
 .bss.hspi3     0x20000290       0x58 ./Core/Src/spi.o
                0x20000290                hspi3
 .bss.htim1     0x200002e8       0x48 ./Core/Src/tim.o
                0x200002e8                htim1
 .bss.htim2     0x20000330       0x48 ./Core/Src/tim.o
                0x20000330                htim2
 .bss.htim3     0x20000378       0x48 ./Core/Src/tim.o
                0x20000378                htim3
 .bss.htim4     0x200003c0       0x48 ./Core/Src/tim.o
                0x200003c0                htim4
 .bss.uwTick    0x20000408        0x4 ./Drivers/STM32F4xx_HAL_Driver/Src/stm32f4xx_hal.o
                0x20000408                uwTick
 *(COMMON)
                0x2000040c                        . = ALIGN (0x4)
                0x2000040c                        _ebss = .
                0x2000040c                        __bss_end__ = _ebss

._user_heap_stack
                0x2000040c      0x604
                0x20000410                        . = ALIGN (0x8)
 *fill*         0x2000040c        0x4 
                [!provide]                        PROVIDE (end = .)
                0x20000410                        PROVIDE (_end = .)
                0x20000610                        . = (. + _Min_Heap_Size)
 *fill*         0x20000410      0x200 
                0x20000a10                        . = (. + _Min_Stack_Size)
 *fill*         0x20000610      0x400 
                0x20000a10                        . = ALIGN (0x8)

/DISCARD/
 libc.a(*)
 libm.a(*)
 libgcc.a(*)

.ARM.attributes
                0x00000000       0x30
 *(.ARM.attributes)
 .ARM.attributes
                0x00000000       0x22 D:/STM32CubeIDE_1.18.1/STM32CubeIDE/plugins/com.st.stm32cube.ide.mcu.externaltools.gnu-tools-for-stm32.13.3.rel1.win32_1.0.0.202411081344/tools/bin/../lib/gcc/arm-none-eabi/13.3.1/thumb/v7e-m+fp/hard/crti.o
 .ARM.attributes
                0x00000022       0x34 D:/STM32CubeIDE_1.18.1/STM32CubeIDE/plugins/com.st.stm32cube.ide.mcu.externaltools.gnu-tools-for-stm32.13.3.rel1.win32_1.0.0.202411081344/tools/bin/../lib/gcc/arm-none-eabi/13.3.1/thumb/v7e-m+fp/hard/crtbegin.o
 .ARM.attributes
                0x00000056       0x34 ./Core/KEY/key.o
 .ARM.attributes
                0x0000008a       0x34 ./Core/OLED/oled.o
 .ARM.attributes
                0x000000be       0x34 ./Core/Src/adc.o
 .ARM.attributes
                0x000000f2       0x34 ./Core/Src/dma.o
 .ARM.attributes
                0x00000126       0x34 ./Core/Src/gpio.o
 .ARM.attributes
                0x0000015a       0x34 ./Core/Src/main.o
 .ARM.attributes
                0x0000018e       0x34 ./Core/Src/spi.o
 .ARM.attributes
                0x000001c2       0x34 ./Core/Src/stm32f4xx_hal_msp.o
 .ARM.attributes
                0x000001f6       0x34 ./Core/Src/stm32f4xx_it.o
 .ARM.attributes
                0x0000022a       0x34 ./Core/Src/system_stm32f4xx.o
 .ARM.attributes
                0x0000025e       0x34 ./Core/Src/tim.o
 .ARM.attributes
                0x00000292       0x21 ./Core/Startup/startup_stm32f407vgtx.o
 .ARM.attributes
                0x000002b3       0x34 ./Drivers/STM32F4xx_HAL_Driver/Src/stm32f4xx_hal.o
 .ARM.attributes
                0x000002e7       0x34 ./Drivers/STM32F4xx_HAL_Driver/Src/stm32f4xx_hal_adc.o
 .ARM.attributes
                0x0000031b       0x34 ./Drivers/STM32F4xx_HAL_Driver/Src/stm32f4xx_hal_adc_ex.o
 .ARM.attributes
                0x0000034f       0x34 ./Drivers/STM32F4xx_HAL_Driver/Src/stm32f4xx_hal_cortex.o
 .ARM.attributes
                0x00000383       0x34 ./Drivers/STM32F4xx_HAL_Driver/Src/stm32f4xx_hal_dma.o
 .ARM.attributes
                0x000003b7       0x34 ./Drivers/STM32F4xx_HAL_Driver/Src/stm32f4xx_hal_gpio.o
 .ARM.attributes
                0x000003eb       0x34 ./Drivers/STM32F4xx_HAL_Driver/Src/stm32f4xx_hal_rcc.o
 .ARM.attributes
                0x0000041f       0x34 ./Drivers/STM32F4xx_HAL_Driver/Src/stm32f4xx_hal_spi.o
 .ARM.attributes
                0x00000453       0x34 ./Drivers/STM32F4xx_HAL_Driver/Src/stm32f4xx_hal_tim.o
 .ARM.attributes
                0x00000487       0x34 ./Drivers/STM32F4xx_HAL_Driver/Src/stm32f4xx_hal_tim_ex.o
 .ARM.attributes
                0x000004bb       0x34 ./my_drivers/pid_tools/float_tools.o
 .ARM.attributes
                0x000004ef       0x34 D:/STM32CubeIDE_1.18.1/STM32CubeIDE/plugins/com.st.stm32cube.ide.mcu.externaltools.gnu-tools-for-stm32.13.3.rel1.win32_1.0.0.202411081344/tools/bin/../lib/gcc/arm-none-eabi/13.3.1/../../../../arm-none-eabi/lib/thumb/v7e-m+fp/hard\libc_nano.a(libc_a-memset.o)
 .ARM.attributes
                0x00000523       0x34 D:/STM32CubeIDE_1.18.1/STM32CubeIDE/plugins/com.st.stm32cube.ide.mcu.externaltools.gnu-tools-for-stm32.13.3.rel1.win32_1.0.0.202411081344/tools/bin/../lib/gcc/arm-none-eabi/13.3.1/../../../../arm-none-eabi/lib/thumb/v7e-m+fp/hard\libc_nano.a(libc_a-init.o)
 .ARM.attributes
                0x00000557       0x22 D:/STM32CubeIDE_1.18.1/STM32CubeIDE/plugins/com.st.stm32cube.ide.mcu.externaltools.gnu-tools-for-stm32.13.3.rel1.win32_1.0.0.202411081344/tools/bin/../lib/gcc/arm-none-eabi/13.3.1/thumb/v7e-m+fp/hard\libgcc.a(_arm_addsubdf3.o)
 .ARM.attributes
                0x00000579       0x22 D:/STM32CubeIDE_1.18.1/STM32CubeIDE/plugins/com.st.stm32cube.ide.mcu.externaltools.gnu-tools-for-stm32.13.3.rel1.win32_1.0.0.202411081344/tools/bin/../lib/gcc/arm-none-eabi/13.3.1/thumb/v7e-m+fp/hard\libgcc.a(_arm_cmpdf2.o)
 .ARM.attributes
                0x0000059b       0x22 D:/STM32CubeIDE_1.18.1/STM32CubeIDE/plugins/com.st.stm32cube.ide.mcu.externaltools.gnu-tools-for-stm32.13.3.rel1.win32_1.0.0.202411081344/tools/bin/../lib/gcc/arm-none-eabi/13.3.1/thumb/v7e-m+fp/hard\libgcc.a(_arm_fixdfsi.o)
 .ARM.attributes
                0x000005bd       0x22 D:/STM32CubeIDE_1.18.1/STM32CubeIDE/plugins/com.st.stm32cube.ide.mcu.externaltools.gnu-tools-for-stm32.13.3.rel1.win32_1.0.0.202411081344/tools/bin/../lib/gcc/arm-none-eabi/13.3.1/thumb/v7e-m+fp/hard\libgcc.a(_arm_truncdfsf2.o)
 .ARM.attributes
                0x000005df       0x22 D:/STM32CubeIDE_1.18.1/STM32CubeIDE/plugins/com.st.stm32cube.ide.mcu.externaltools.gnu-tools-for-stm32.13.3.rel1.win32_1.0.0.202411081344/tools/bin/../lib/gcc/arm-none-eabi/13.3.1/thumb/v7e-m+fp/hard\libgcc.a(_aeabi_uldivmod.o)
 .ARM.attributes
                0x00000601       0x34 D:/STM32CubeIDE_1.18.1/STM32CubeIDE/plugins/com.st.stm32cube.ide.mcu.externaltools.gnu-tools-for-stm32.13.3.rel1.win32_1.0.0.202411081344/tools/bin/../lib/gcc/arm-none-eabi/13.3.1/thumb/v7e-m+fp/hard\libgcc.a(_udivmoddi4.o)
 .ARM.attributes
                0x00000635       0x22 D:/STM32CubeIDE_1.18.1/STM32CubeIDE/plugins/com.st.stm32cube.ide.mcu.externaltools.gnu-tools-for-stm32.13.3.rel1.win32_1.0.0.202411081344/tools/bin/../lib/gcc/arm-none-eabi/13.3.1/thumb/v7e-m+fp/hard\libgcc.a(_dvmd_tls.o)
 .ARM.attributes
                0x00000657       0x22 D:/STM32CubeIDE_1.18.1/STM32CubeIDE/plugins/com.st.stm32cube.ide.mcu.externaltools.gnu-tools-for-stm32.13.3.rel1.win32_1.0.0.202411081344/tools/bin/../lib/gcc/arm-none-eabi/13.3.1/thumb/v7e-m+fp/hard/crtn.o
OUTPUT(F407VGT6_DRIVER.elf elf32-littlearm)
LOAD linker stubs
LOAD D:/STM32CubeIDE_1.18.1/STM32CubeIDE/plugins/com.st.stm32cube.ide.mcu.externaltools.gnu-tools-for-stm32.13.3.rel1.win32_1.0.0.202411081344/tools/bin/../lib/gcc/arm-none-eabi/13.3.1/../../../../arm-none-eabi/lib/thumb/v7e-m+fp/hard\libc.a
LOAD D:/STM32CubeIDE_1.18.1/STM32CubeIDE/plugins/com.st.stm32cube.ide.mcu.externaltools.gnu-tools-for-stm32.13.3.rel1.win32_1.0.0.202411081344/tools/bin/../lib/gcc/arm-none-eabi/13.3.1/../../../../arm-none-eabi/lib/thumb/v7e-m+fp/hard\libm.a
LOAD D:/STM32CubeIDE_1.18.1/STM32CubeIDE/plugins/com.st.stm32cube.ide.mcu.externaltools.gnu-tools-for-stm32.13.3.rel1.win32_1.0.0.202411081344/tools/bin/../lib/gcc/arm-none-eabi/13.3.1/thumb/v7e-m+fp/hard\libgcc.a

.debug_info     0x00000000    0x11078
 .debug_info    0x00000000      0x2d0 ./Core/KEY/key.o
 .debug_info    0x000002d0      0xb52 ./Core/OLED/oled.o
 .debug_info    0x00000e22      0xce7 ./Core/Src/adc.o
 .debug_info    0x00001b09      0x549 ./Core/Src/dma.o
 .debug_info    0x00002052      0x4e6 ./Core/Src/gpio.o
 .debug_info    0x00002538     0x163c ./Core/Src/main.o
 .debug_info    0x00003b74      0xa48 ./Core/Src/spi.o
 .debug_info    0x000045bc      0x309 ./Core/Src/stm32f4xx_hal_msp.o
 .debug_info    0x000048c5      0xa45 ./Core/Src/stm32f4xx_it.o
 .debug_info    0x0000530a      0x512 ./Core/Src/system_stm32f4xx.o
 .debug_info    0x0000581c     0x111e ./Core/Src/tim.o
 .debug_info    0x0000693a       0x30 ./Core/Startup/startup_stm32f407vgtx.o
 .debug_info    0x0000696a      0x944 ./Drivers/STM32F4xx_HAL_Driver/Src/stm32f4xx_hal.o
 .debug_info    0x000072ae      0xce3 ./Drivers/STM32F4xx_HAL_Driver/Src/stm32f4xx_hal_adc.o
 .debug_info    0x00007f91      0xb68 ./Drivers/STM32F4xx_HAL_Driver/Src/stm32f4xx_hal_adc_ex.o
 .debug_info    0x00008af9      0xd8c ./Drivers/STM32F4xx_HAL_Driver/Src/stm32f4xx_hal_cortex.o
 .debug_info    0x00009885      0x8e7 ./Drivers/STM32F4xx_HAL_Driver/Src/stm32f4xx_hal_dma.o
 .debug_info    0x0000a16c      0x6c3 ./Drivers/STM32F4xx_HAL_Driver/Src/stm32f4xx_hal_gpio.o
 .debug_info    0x0000a82f      0x8c3 ./Drivers/STM32F4xx_HAL_Driver/Src/stm32f4xx_hal_rcc.o
 .debug_info    0x0000b0f2     0x1525 ./Drivers/STM32F4xx_HAL_Driver/Src/stm32f4xx_hal_spi.o
 .debug_info    0x0000c617     0x299d ./Drivers/STM32F4xx_HAL_Driver/Src/stm32f4xx_hal_tim.o
 .debug_info    0x0000efb4     0x14db ./Drivers/STM32F4xx_HAL_Driver/Src/stm32f4xx_hal_tim_ex.o
 .debug_info    0x0001048f      0xbe9 ./my_drivers/pid_tools/float_tools.o

.debug_abbrev   0x00000000     0x2f02
 .debug_abbrev  0x00000000      0x124 ./Core/KEY/key.o
 .debug_abbrev  0x00000124      0x224 ./Core/OLED/oled.o
 .debug_abbrev  0x00000348      0x243 ./Core/Src/adc.o
 .debug_abbrev  0x0000058b      0x12f ./Core/Src/dma.o
 .debug_abbrev  0x000006ba      0x171 ./Core/Src/gpio.o
 .debug_abbrev  0x0000082b      0x38a ./Core/Src/main.o
 .debug_abbrev  0x00000bb5      0x218 ./Core/Src/spi.o
 .debug_abbrev  0x00000dcd       0xf7 ./Core/Src/stm32f4xx_hal_msp.o
 .debug_abbrev  0x00000ec4      0x1db ./Core/Src/stm32f4xx_it.o
 .debug_abbrev  0x0000109f      0x11a ./Core/Src/system_stm32f4xx.o
 .debug_abbrev  0x000011b9      0x285 ./Core/Src/tim.o
 .debug_abbrev  0x0000143e       0x24 ./Core/Startup/startup_stm32f407vgtx.o
 .debug_abbrev  0x00001462      0x214 ./Drivers/STM32F4xx_HAL_Driver/Src/stm32f4xx_hal.o
 .debug_abbrev  0x00001676      0x252 ./Drivers/STM32F4xx_HAL_Driver/Src/stm32f4xx_hal_adc.o
 .debug_abbrev  0x000018c8      0x270 ./Drivers/STM32F4xx_HAL_Driver/Src/stm32f4xx_hal_adc_ex.o
 .debug_abbrev  0x00001b38      0x31d ./Drivers/STM32F4xx_HAL_Driver/Src/stm32f4xx_hal_cortex.o
 .debug_abbrev  0x00001e55      0x264 ./Drivers/STM32F4xx_HAL_Driver/Src/stm32f4xx_hal_dma.o
 .debug_abbrev  0x000020b9      0x1d4 ./Drivers/STM32F4xx_HAL_Driver/Src/stm32f4xx_hal_gpio.o
 .debug_abbrev  0x0000228d      0x2b7 ./Drivers/STM32F4xx_HAL_Driver/Src/stm32f4xx_hal_rcc.o
 .debug_abbrev  0x00002544      0x27a ./Drivers/STM32F4xx_HAL_Driver/Src/stm32f4xx_hal_spi.o
 .debug_abbrev  0x000027be      0x278 ./Drivers/STM32F4xx_HAL_Driver/Src/stm32f4xx_hal_tim.o
 .debug_abbrev  0x00002a36      0x283 ./Drivers/STM32F4xx_HAL_Driver/Src/stm32f4xx_hal_tim_ex.o
 .debug_abbrev  0x00002cb9      0x249 ./my_drivers/pid_tools/float_tools.o

.debug_aranges  0x00000000      0xff0
 .debug_aranges
                0x00000000       0x28 ./Core/KEY/key.o
 .debug_aranges
                0x00000028       0x80 ./Core/OLED/oled.o
 .debug_aranges
                0x000000a8       0x30 ./Core/Src/adc.o
 .debug_aranges
                0x000000d8       0x20 ./Core/Src/dma.o
 .debug_aranges
                0x000000f8       0x20 ./Core/Src/gpio.o
 .debug_aranges
                0x00000118       0x80 ./Core/Src/main.o
 .debug_aranges
                0x00000198       0x38 ./Core/Src/spi.o
 .debug_aranges
                0x000001d0       0x20 ./Core/Src/stm32f4xx_hal_msp.o
 .debug_aranges
                0x000001f0       0x80 ./Core/Src/stm32f4xx_it.o
 .debug_aranges
                0x00000270       0x28 ./Core/Src/system_stm32f4xx.o
 .debug_aranges
                0x00000298       0x50 ./Core/Src/tim.o
 .debug_aranges
                0x000002e8       0x28 ./Core/Startup/startup_stm32f407vgtx.o
 .debug_aranges
                0x00000310       0xf0 ./Drivers/STM32F4xx_HAL_Driver/Src/stm32f4xx_hal.o
 .debug_aranges
                0x00000400       0xe8 ./Drivers/STM32F4xx_HAL_Driver/Src/stm32f4xx_hal_adc.o
 .debug_aranges
                0x000004e8       0x90 ./Drivers/STM32F4xx_HAL_Driver/Src/stm32f4xx_hal_adc_ex.o
 .debug_aranges
                0x00000578      0x130 ./Drivers/STM32F4xx_HAL_Driver/Src/stm32f4xx_hal_cortex.o
 .debug_aranges
                0x000006a8       0x90 ./Drivers/STM32F4xx_HAL_Driver/Src/stm32f4xx_hal_dma.o
 .debug_aranges
                0x00000738       0x58 ./Drivers/STM32F4xx_HAL_Driver/Src/stm32f4xx_hal_gpio.o
 .debug_aranges
                0x00000790       0x88 ./Drivers/STM32F4xx_HAL_Driver/Src/stm32f4xx_hal_rcc.o
 .debug_aranges
                0x00000818      0x1d0 ./Drivers/STM32F4xx_HAL_Driver/Src/stm32f4xx_hal_spi.o
 .debug_aranges
                0x000009e8      0x3d0 ./Drivers/STM32F4xx_HAL_Driver/Src/stm32f4xx_hal_tim.o
 .debug_aranges
                0x00000db8      0x168 ./Drivers/STM32F4xx_HAL_Driver/Src/stm32f4xx_hal_tim_ex.o
 .debug_aranges
                0x00000f20       0xd0 ./my_drivers/pid_tools/float_tools.o

.debug_rnglists
                0x00000000      0xc45
 .debug_rnglists
                0x00000000       0x1a ./Core/KEY/key.o
 .debug_rnglists
                0x0000001a       0x61 ./Core/OLED/oled.o
 .debug_rnglists
                0x0000007b       0x21 ./Core/Src/adc.o
 .debug_rnglists
                0x0000009c       0x13 ./Core/Src/dma.o
 .debug_rnglists
                0x000000af       0x14 ./Core/Src/gpio.o
 .debug_rnglists
                0x000000c3       0x64 ./Core/Src/main.o
 .debug_rnglists
                0x00000127       0x26 ./Core/Src/spi.o
 .debug_rnglists
                0x0000014d       0x13 ./Core/Src/stm32f4xx_hal_msp.o
 .debug_rnglists
                0x00000160       0x5b ./Core/Src/stm32f4xx_it.o
 .debug_rnglists
                0x000001bb       0x1a ./Core/Src/system_stm32f4xx.o
 .debug_rnglists
                0x000001d5       0x3e ./Core/Src/tim.o
 .debug_rnglists
                0x00000213       0x19 ./Core/Startup/startup_stm32f407vgtx.o
 .debug_rnglists
                0x0000022c       0xaf ./Drivers/STM32F4xx_HAL_Driver/Src/stm32f4xx_hal.o
 .debug_rnglists
                0x000002db       0xb5 ./Drivers/STM32F4xx_HAL_Driver/Src/stm32f4xx_hal_adc.o
 .debug_rnglists
                0x00000390       0x71 ./Drivers/STM32F4xx_HAL_Driver/Src/stm32f4xx_hal_adc_ex.o
 .debug_rnglists
                0x00000401       0xe0 ./Drivers/STM32F4xx_HAL_Driver/Src/stm32f4xx_hal_cortex.o
 .debug_rnglists
                0x000004e1       0x70 ./Drivers/STM32F4xx_HAL_Driver/Src/stm32f4xx_hal_dma.o
 .debug_rnglists
                0x00000551       0x3f ./Drivers/STM32F4xx_HAL_Driver/Src/stm32f4xx_hal_gpio.o
 .debug_rnglists
                0x00000590       0x66 ./Drivers/STM32F4xx_HAL_Driver/Src/stm32f4xx_hal_rcc.o
 .debug_rnglists
                0x000005f6      0x16f ./Drivers/STM32F4xx_HAL_Driver/Src/stm32f4xx_hal_spi.o
 .debug_rnglists
                0x00000765      0x31a ./Drivers/STM32F4xx_HAL_Driver/Src/stm32f4xx_hal_tim.o
 .debug_rnglists
                0x00000a7f      0x125 ./Drivers/STM32F4xx_HAL_Driver/Src/stm32f4xx_hal_tim_ex.o
 .debug_rnglists
                0x00000ba4       0xa1 ./my_drivers/pid_tools/float_tools.o

.debug_macro    0x00000000    0x2485f
 .debug_macro   0x00000000      0x392 ./Core/KEY/key.o
 .debug_macro   0x00000392      0xaea ./Core/KEY/key.o
 .debug_macro   0x00000e7c      0x2a1 ./Core/KEY/key.o
 .debug_macro   0x0000111d       0x2e ./Core/KEY/key.o
 .debug_macro   0x0000114b       0x2f ./Core/KEY/key.o
 .debug_macro   0x0000117a       0x22 ./Core/KEY/key.o
 .debug_macro   0x0000119c       0x8e ./Core/KEY/key.o
 .debug_macro   0x0000122a       0x51 ./Core/KEY/key.o
 .debug_macro   0x0000127b      0x103 ./Core/KEY/key.o
 .debug_macro   0x0000137e       0x6a ./Core/KEY/key.o
 .debug_macro   0x000013e8      0x1df ./Core/KEY/key.o
 .debug_macro   0x000015c7       0x1c ./Core/KEY/key.o
 .debug_macro   0x000015e3       0x22 ./Core/KEY/key.o
 .debug_macro   0x00001605       0xfb ./Core/KEY/key.o
 .debug_macro   0x00001700     0x1011 ./Core/KEY/key.o
 .debug_macro   0x00002711      0x11f ./Core/KEY/key.o
 .debug_macro   0x00002830    0x15ea5 ./Core/KEY/key.o
 .debug_macro   0x000186d5       0x6d ./Core/KEY/key.o
 .debug_macro   0x00018742     0x3693 ./Core/KEY/key.o
 .debug_macro   0x0001bdd5      0x190 ./Core/KEY/key.o
 .debug_macro   0x0001bf65       0x5c ./Core/KEY/key.o
 .debug_macro   0x0001bfc1      0x980 ./Core/KEY/key.o
 .debug_macro   0x0001c941      0x9e9 ./Core/KEY/key.o
 .debug_macro   0x0001d32a      0x115 ./Core/KEY/key.o
 .debug_macro   0x0001d43f      0x13e ./Core/KEY/key.o
 .debug_macro   0x0001d57d       0xa5 ./Core/KEY/key.o
 .debug_macro   0x0001d622      0x174 ./Core/KEY/key.o
 .debug_macro   0x0001d796      0x287 ./Core/KEY/key.o
 .debug_macro   0x0001da1d       0x5f ./Core/KEY/key.o
 .debug_macro   0x0001da7c      0x236 ./Core/KEY/key.o
 .debug_macro   0x0001dcb2      0xb5b ./Core/KEY/key.o
 .debug_macro   0x0001e80d      0x38b ./Core/KEY/key.o
 .debug_macro   0x0001eb98      0x176 ./Core/KEY/key.o
 .debug_macro   0x0001ed0e       0xf9 ./Core/KEY/key.o
 .debug_macro   0x0001ee07      0x12c ./Core/KEY/key.o
 .debug_macro   0x0001ef33      0x21e ./Core/KEY/key.o
 .debug_macro   0x0001f151       0x2e ./Core/KEY/key.o
 .debug_macro   0x0001f17f      0x127 ./Core/KEY/key.o
 .debug_macro   0x0001f2a6       0x7e ./Core/KEY/key.o
 .debug_macro   0x0001f324       0x89 ./Core/KEY/key.o
 .debug_macro   0x0001f3ad      0x225 ./Core/KEY/key.o
 .debug_macro   0x0001f5d2      0x8ed ./Core/KEY/key.o
 .debug_macro   0x0001febf       0x4d ./Core/KEY/key.o
 .debug_macro   0x0001ff0c      0x12d ./Core/KEY/key.o
 .debug_macro   0x00020039       0x22 ./Core/KEY/key.o
 .debug_macro   0x0002005b       0x76 ./Core/KEY/key.o
 .debug_macro   0x000200d1       0x61 ./Core/KEY/key.o
 .debug_macro   0x00020132       0x2a ./Core/KEY/key.o
 .debug_macro   0x0002015c       0x43 ./Core/KEY/key.o
 .debug_macro   0x0002019f       0x34 ./Core/KEY/key.o
 .debug_macro   0x000201d3      0x370 ./Core/KEY/key.o
 .debug_macro   0x00020543       0x16 ./Core/KEY/key.o
 .debug_macro   0x00020559       0x4a ./Core/KEY/key.o
 .debug_macro   0x000205a3       0x34 ./Core/KEY/key.o
 .debug_macro   0x000205d7       0x10 ./Core/KEY/key.o
 .debug_macro   0x000205e7       0x58 ./Core/KEY/key.o
 .debug_macro   0x0002063f       0x8e ./Core/KEY/key.o
 .debug_macro   0x000206cd       0x1c ./Core/KEY/key.o
 .debug_macro   0x000206e9      0x185 ./Core/KEY/key.o
 .debug_macro   0x0002086e       0x10 ./Core/KEY/key.o
 .debug_macro   0x0002087e       0x3c ./Core/KEY/key.o
 .debug_macro   0x000208ba       0x20 ./Core/KEY/key.o
 .debug_macro   0x000208da      0x19b ./Core/KEY/key.o
 .debug_macro   0x00020a75      0x201 ./Core/KEY/key.o
 .debug_macro   0x00020c76       0x7c ./Core/KEY/key.o
 .debug_macro   0x00020cf2       0x17 ./Core/KEY/key.o
 .debug_macro   0x00020d09      0x118 ./Core/KEY/key.o
 .debug_macro   0x00020e21      0x169 ./Core/KEY/key.o
 .debug_macro   0x00020f8a       0xa0 ./Core/KEY/key.o
 .debug_macro   0x0002102a      0x382 ./Core/OLED/oled.o
 .debug_macro   0x000213ac      0x38c ./Core/Src/adc.o
 .debug_macro   0x00021738      0x38c ./Core/Src/dma.o
 .debug_macro   0x00021ac4      0x386 ./Core/Src/gpio.o
 .debug_macro   0x00021e4a      0x3db ./Core/Src/main.o
 .debug_macro   0x00022225       0x28 ./Core/Src/main.o
 .debug_macro   0x0002224d      0x386 ./Core/Src/spi.o
 .debug_macro   0x000225d3      0x382 ./Core/Src/stm32f4xx_hal_msp.o
 .debug_macro   0x00022955      0x38c ./Core/Src/stm32f4xx_it.o
 .debug_macro   0x00022ce1      0x1f6 ./Core/Src/system_stm32f4xx.o
 .debug_macro   0x00022ed7      0x38c ./Core/Src/tim.o
 .debug_macro   0x00023263      0x256 ./Drivers/STM32F4xx_HAL_Driver/Src/stm32f4xx_hal.o
 .debug_macro   0x000234b9      0x1f7 ./Drivers/STM32F4xx_HAL_Driver/Src/stm32f4xx_hal_adc.o
 .debug_macro   0x000236b0      0x1f6 ./Drivers/STM32F4xx_HAL_Driver/Src/stm32f4xx_hal_adc_ex.o
 .debug_macro   0x000238a6      0x1f6 ./Drivers/STM32F4xx_HAL_Driver/Src/stm32f4xx_hal_cortex.o
 .debug_macro   0x00023a9c      0x1fc ./Drivers/STM32F4xx_HAL_Driver/Src/stm32f4xx_hal_dma.o
 .debug_macro   0x00023c98      0x1fc ./Drivers/STM32F4xx_HAL_Driver/Src/stm32f4xx_hal_gpio.o
 .debug_macro   0x00023e94      0x21a ./Drivers/STM32F4xx_HAL_Driver/Src/stm32f4xx_hal_rcc.o
 .debug_macro   0x000240ae      0x205 ./Drivers/STM32F4xx_HAL_Driver/Src/stm32f4xx_hal_spi.o
 .debug_macro   0x000242b3      0x1f7 ./Drivers/STM32F4xx_HAL_Driver/Src/stm32f4xx_hal_tim.o
 .debug_macro   0x000244aa      0x1f6 ./Drivers/STM32F4xx_HAL_Driver/Src/stm32f4xx_hal_tim_ex.o
 .debug_macro   0x000246a0      0x1bf ./my_drivers/pid_tools/float_tools.o

.debug_line     0x00000000    0x15826
 .debug_line    0x00000000      0xa99 ./Core/KEY/key.o
 .debug_line    0x00000a99      0xd4b ./Core/OLED/oled.o
 .debug_line    0x000017e4      0xaa6 ./Core/Src/adc.o
 .debug_line    0x0000228a      0x99d ./Core/Src/dma.o
 .debug_line    0x00002c27      0x9e6 ./Core/Src/gpio.o
 .debug_line    0x0000360d      0xf2a ./Core/Src/main.o
 .debug_line    0x00004537      0xa88 ./Core/Src/spi.o
 .debug_line    0x00004fbf      0x9a1 ./Core/Src/stm32f4xx_hal_msp.o
 .debug_line    0x00005960      0xab0 ./Core/Src/stm32f4xx_it.o
 .debug_line    0x00006410      0x7f6 ./Core/Src/system_stm32f4xx.o
 .debug_line    0x00006c06      0xc4e ./Core/Src/tim.o
 .debug_line    0x00007854       0x7a ./Core/Startup/startup_stm32f407vgtx.o
 .debug_line    0x000078ce      0xa72 ./Drivers/STM32F4xx_HAL_Driver/Src/stm32f4xx_hal.o
 .debug_line    0x00008340     0x1289 ./Drivers/STM32F4xx_HAL_Driver/Src/stm32f4xx_hal_adc.o
 .debug_line    0x000095c9      0xebd ./Drivers/STM32F4xx_HAL_Driver/Src/stm32f4xx_hal_adc_ex.o
 .debug_line    0x0000a486      0xd42 ./Drivers/STM32F4xx_HAL_Driver/Src/stm32f4xx_hal_cortex.o
 .debug_line    0x0000b1c8      0xfde ./Drivers/STM32F4xx_HAL_Driver/Src/stm32f4xx_hal_dma.o
 .debug_line    0x0000c1a6      0xbca ./Drivers/STM32F4xx_HAL_Driver/Src/stm32f4xx_hal_gpio.o
 .debug_line    0x0000cd70      0xe81 ./Drivers/STM32F4xx_HAL_Driver/Src/stm32f4xx_hal_rcc.o
 .debug_line    0x0000dbf1     0x1d0d ./Drivers/STM32F4xx_HAL_Driver/Src/stm32f4xx_hal_spi.o
 .debug_line    0x0000f8fe     0x37e7 ./Drivers/STM32F4xx_HAL_Driver/Src/stm32f4xx_hal_tim.o
 .debug_line    0x000130e5     0x19d2 ./Drivers/STM32F4xx_HAL_Driver/Src/stm32f4xx_hal_tim_ex.o
 .debug_line    0x00014ab7      0xd6f ./my_drivers/pid_tools/float_tools.o

.debug_str      0x00000000    0xd9363
 .debug_str     0x00000000    0xd9363 ./Core/KEY/key.o
                              0xd4d6b (size before relaxing)
 .debug_str     0x000d9363    0xd52cc ./Core/OLED/oled.o
 .debug_str     0x000d9363    0xd5858 ./Core/Src/adc.o
 .debug_str     0x000d9363    0xd52de ./Core/Src/dma.o
 .debug_str     0x000d9363    0xd4e80 ./Core/Src/gpio.o
 .debug_str     0x000d9363    0xd5ba0 ./Core/Src/main.o
 .debug_str     0x000d9363    0xd5320 ./Core/Src/spi.o
 .debug_str     0x000d9363    0xd4dc1 ./Core/Src/stm32f4xx_hal_msp.o
 .debug_str     0x000d9363    0xd549e ./Core/Src/stm32f4xx_it.o
 .debug_str     0x000d9363    0xcfc93 ./Core/Src/system_stm32f4xx.o
 .debug_str     0x000d9363    0xd5bd4 ./Core/Src/tim.o
 .debug_str     0x000d9363       0x7b ./Core/Startup/startup_stm32f407vgtx.o
 .debug_str     0x000d9363    0xd0817 ./Drivers/STM32F4xx_HAL_Driver/Src/stm32f4xx_hal.o
 .debug_str     0x000d9363    0xd0280 ./Drivers/STM32F4xx_HAL_Driver/Src/stm32f4xx_hal_adc.o
 .debug_str     0x000d9363    0xd02d4 ./Drivers/STM32F4xx_HAL_Driver/Src/stm32f4xx_hal_adc_ex.o
 .debug_str     0x000d9363    0xd0593 ./Drivers/STM32F4xx_HAL_Driver/Src/stm32f4xx_hal_cortex.o
 .debug_str     0x000d9363    0xd00ad ./Drivers/STM32F4xx_HAL_Driver/Src/stm32f4xx_hal_dma.o
 .debug_str     0x000d9363    0xcfe0e ./Drivers/STM32F4xx_HAL_Driver/Src/stm32f4xx_hal_gpio.o
 .debug_str     0x000d9363    0xd00c7 ./Drivers/STM32F4xx_HAL_Driver/Src/stm32f4xx_hal_rcc.o
 .debug_str     0x000d9363    0xd0551 ./Drivers/STM32F4xx_HAL_Driver/Src/stm32f4xx_hal_spi.o
 .debug_str     0x000d9363    0xd101d ./Drivers/STM32F4xx_HAL_Driver/Src/stm32f4xx_hal_tim.o
 .debug_str     0x000d9363    0xd0829 ./Drivers/STM32F4xx_HAL_Driver/Src/stm32f4xx_hal_tim_ex.o
 .debug_str     0x000d9363     0x9bfb ./my_drivers/pid_tools/float_tools.o

.comment        0x00000000       0x43
 .comment       0x00000000       0x43 ./Core/KEY/key.o
                                 0x44 (size before relaxing)
 .comment       0x00000043       0x44 ./Core/OLED/oled.o
 .comment       0x00000043       0x44 ./Core/Src/adc.o
 .comment       0x00000043       0x44 ./Core/Src/dma.o
 .comment       0x00000043       0x44 ./Core/Src/gpio.o
 .comment       0x00000043       0x44 ./Core/Src/main.o
 .comment       0x00000043       0x44 ./Core/Src/spi.o
 .comment       0x00000043       0x44 ./Core/Src/stm32f4xx_hal_msp.o
 .comment       0x00000043       0x44 ./Core/Src/stm32f4xx_it.o
 .comment       0x00000043       0x44 ./Core/Src/system_stm32f4xx.o
 .comment       0x00000043       0x44 ./Core/Src/tim.o
 .comment       0x00000043       0x44 ./Drivers/STM32F4xx_HAL_Driver/Src/stm32f4xx_hal.o
 .comment       0x00000043       0x44 ./Drivers/STM32F4xx_HAL_Driver/Src/stm32f4xx_hal_adc.o
 .comment       0x00000043       0x44 ./Drivers/STM32F4xx_HAL_Driver/Src/stm32f4xx_hal_adc_ex.o
 .comment       0x00000043       0x44 ./Drivers/STM32F4xx_HAL_Driver/Src/stm32f4xx_hal_cortex.o
 .comment       0x00000043       0x44 ./Drivers/STM32F4xx_HAL_Driver/Src/stm32f4xx_hal_dma.o
 .comment       0x00000043       0x44 ./Drivers/STM32F4xx_HAL_Driver/Src/stm32f4xx_hal_gpio.o
 .comment       0x00000043       0x44 ./Drivers/STM32F4xx_HAL_Driver/Src/stm32f4xx_hal_rcc.o
 .comment       0x00000043       0x44 ./Drivers/STM32F4xx_HAL_Driver/Src/stm32f4xx_hal_spi.o
 .comment       0x00000043       0x44 ./Drivers/STM32F4xx_HAL_Driver/Src/stm32f4xx_hal_tim.o
 .comment       0x00000043       0x44 ./Drivers/STM32F4xx_HAL_Driver/Src/stm32f4xx_hal_tim_ex.o
 .comment       0x00000043       0x44 ./my_drivers/pid_tools/float_tools.o

.debug_frame    0x00000000     0x42f4
 .debug_frame   0x00000000       0x58 ./Core/KEY/key.o
 .debug_frame   0x00000058      0x1d8 ./Core/OLED/oled.o
 .debug_frame   0x00000230       0x7c ./Core/Src/adc.o
 .debug_frame   0x000002ac       0x34 ./Core/Src/dma.o
 .debug_frame   0x000002e0       0x34 ./Core/Src/gpio.o
 .debug_frame   0x00000314      0x1bc ./Core/Src/main.o
 .debug_frame   0x000004d0       0x90 ./Core/Src/spi.o
 .debug_frame   0x00000560       0x38 ./Core/Src/stm32f4xx_hal_msp.o
 .debug_frame   0x00000598      0x174 ./Core/Src/stm32f4xx_it.o
 .debug_frame   0x0000070c       0x58 ./Core/Src/system_stm32f4xx.o
 .debug_frame   0x00000764      0x10c ./Core/Src/tim.o
 .debug_frame   0x00000870      0x374 ./Drivers/STM32F4xx_HAL_Driver/Src/stm32f4xx_hal.o
 .debug_frame   0x00000be4      0x3fc ./Drivers/STM32F4xx_HAL_Driver/Src/stm32f4xx_hal_adc.o
 .debug_frame   0x00000fe0      0x250 ./Drivers/STM32F4xx_HAL_Driver/Src/stm32f4xx_hal_adc_ex.o
 .debug_frame   0x00001230      0x508 ./Drivers/STM32F4xx_HAL_Driver/Src/stm32f4xx_hal_cortex.o
 .debug_frame   0x00001738      0x250 ./Drivers/STM32F4xx_HAL_Driver/Src/stm32f4xx_hal_dma.o
 .debug_frame   0x00001988      0x14c ./Drivers/STM32F4xx_HAL_Driver/Src/stm32f4xx_hal_gpio.o
 .debug_frame   0x00001ad4      0x1f4 ./Drivers/STM32F4xx_HAL_Driver/Src/stm32f4xx_hal_rcc.o
 .debug_frame   0x00001cc8      0x828 ./Drivers/STM32F4xx_HAL_Driver/Src/stm32f4xx_hal_spi.o
 .debug_frame   0x000024f0     0x11c0 ./Drivers/STM32F4xx_HAL_Driver/Src/stm32f4xx_hal_tim.o
 .debug_frame   0x000036b0      0x638 ./Drivers/STM32F4xx_HAL_Driver/Src/stm32f4xx_hal_tim_ex.o
 .debug_frame   0x00003ce8      0x3a8 ./my_drivers/pid_tools/float_tools.o
 .debug_frame   0x00004090       0x20 D:/STM32CubeIDE_1.18.1/STM32CubeIDE/plugins/com.st.stm32cube.ide.mcu.externaltools.gnu-tools-for-stm32.13.3.rel1.win32_1.0.0.202411081344/tools/bin/../lib/gcc/arm-none-eabi/13.3.1/../../../../arm-none-eabi/lib/thumb/v7e-m+fp/hard\libc_nano.a(libc_a-memset.o)
 .debug_frame   0x000040b0       0x2c D:/STM32CubeIDE_1.18.1/STM32CubeIDE/plugins/com.st.stm32cube.ide.mcu.externaltools.gnu-tools-for-stm32.13.3.rel1.win32_1.0.0.202411081344/tools/bin/../lib/gcc/arm-none-eabi/13.3.1/../../../../arm-none-eabi/lib/thumb/v7e-m+fp/hard\libc_nano.a(libc_a-init.o)
 .debug_frame   0x000040dc       0xac D:/STM32CubeIDE_1.18.1/STM32CubeIDE/plugins/com.st.stm32cube.ide.mcu.externaltools.gnu-tools-for-stm32.13.3.rel1.win32_1.0.0.202411081344/tools/bin/../lib/gcc/arm-none-eabi/13.3.1/thumb/v7e-m+fp/hard\libgcc.a(_arm_addsubdf3.o)
 .debug_frame   0x00004188       0xc4 D:/STM32CubeIDE_1.18.1/STM32CubeIDE/plugins/com.st.stm32cube.ide.mcu.externaltools.gnu-tools-for-stm32.13.3.rel1.win32_1.0.0.202411081344/tools/bin/../lib/gcc/arm-none-eabi/13.3.1/thumb/v7e-m+fp/hard\libgcc.a(_arm_cmpdf2.o)
 .debug_frame   0x0000424c       0x24 D:/STM32CubeIDE_1.18.1/STM32CubeIDE/plugins/com.st.stm32cube.ide.mcu.externaltools.gnu-tools-for-stm32.13.3.rel1.win32_1.0.0.202411081344/tools/bin/../lib/gcc/arm-none-eabi/13.3.1/thumb/v7e-m+fp/hard\libgcc.a(_arm_fixdfsi.o)
 .debug_frame   0x00004270       0x24 D:/STM32CubeIDE_1.18.1/STM32CubeIDE/plugins/com.st.stm32cube.ide.mcu.externaltools.gnu-tools-for-stm32.13.3.rel1.win32_1.0.0.202411081344/tools/bin/../lib/gcc/arm-none-eabi/13.3.1/thumb/v7e-m+fp/hard\libgcc.a(_arm_truncdfsf2.o)
 .debug_frame   0x00004294       0x2c D:/STM32CubeIDE_1.18.1/STM32CubeIDE/plugins/com.st.stm32cube.ide.mcu.externaltools.gnu-tools-for-stm32.13.3.rel1.win32_1.0.0.202411081344/tools/bin/../lib/gcc/arm-none-eabi/13.3.1/thumb/v7e-m+fp/hard\libgcc.a(_aeabi_uldivmod.o)
 .debug_frame   0x000042c0       0x34 D:/STM32CubeIDE_1.18.1/STM32CubeIDE/plugins/com.st.stm32cube.ide.mcu.externaltools.gnu-tools-for-stm32.13.3.rel1.win32_1.0.0.202411081344/tools/bin/../lib/gcc/arm-none-eabi/13.3.1/thumb/v7e-m+fp/hard\libgcc.a(_udivmoddi4.o)

.debug_line_str
                0x00000000       0x5f
 .debug_line_str
                0x00000000       0x5f ./Core/Startup/startup_stm32f407vgtx.o
