../Core/OLED/oled.c:37:6:OLED_WR_Byte	16	static
../Core/OLED/oled.c:51:6:OLED_Set_Pos	16	static
../Core/OLED/oled.c:58:6:OLED_Display_On	8	static
../Core/OLED/oled.c:65:6:OLED_Display_Off	8	static
../Core/OLED/oled.c:72:6:OLED_Clear	16	static
../Core/OLED/oled.c:90:6:OLED_ShowChar	24	static
../Core/OLED/oled.c:116:5:oled_pow	24	static
../Core/OLED/oled.c:129:6:OLED_ShowNum	24	static
../Core/OLED/oled.c:150:6:OLED_ShowString	24	static
../Core/OLED/oled.c:165:6:OLED_ShowFloat	48	static
../Core/OLED/oled.c:213:6:OLED_ShowCHinese	24	static
../Core/OLED/oled.c:230:6:OLED_DrawBMP	32	static
../Core/OLED/oled.c:250:6:OLED_Init	8	static
