../Core/Src/main.c:145:5:main	8	static
../Core/Src/main.c:225:6:SystemClock_Config	88	static
../Core/Src/main.c:267:6:doADC	16	static
../Core/Src/main.c:334:6:U_PID	8	static
../Core/Src/main.c:358:6:mppt	4	static
../Core/Src/main.c:392:6:Display	24	static
../Core/Src/main.c:458:6:MainDutyAdjust	16	static
../Core/Src/main.c:472:5:KeyCodeToDigit	16	static
../Core/Src/main.c:490:6:VoltageSettingEnter	8	static
../Core/Src/main.c:504:6:VoltageSettingApply	16	static
../Core/Src/main.c:539:6:VoltageSettingHandleKey	24	static
../Core/Src/main.c:612:6:VoltageSettingDisplay	16	static
../Core/Src/main.c:641:6:VoltageControlStep	32	static
../Core/Src/main.c:701:6:VoltageControlFault	16	static
../Core/Src/main.c:709:6:KeyToControl	24	static
../Core/Src/main.c:807:6:paremeter_group_add	8	static
../Core/Src/main.c:815:6:paremeter_choose_add	8	static
../Core/Src/main.c:824:6:paremeter_display	16	static
../Core/Src/main.c:881:6:HAL_TIM_PeriodElapsedCallback	24	static
../Core/Src/main.c:900:6:HAL_ADC_ConvCpltCallback	16	static
../Core/Src/main.c:914:6:Error_Handler	4	static,ignoring_inline_asm
