../Core/Src/main.c:107:5:main	8	static
../Core/Src/main.c:187:6:SystemClock_Config	88	static
../Core/Src/main.c:229:6:doADC	4	static
../Core/Src/main.c:279:6:U_PID	8	static
../Core/Src/main.c:303:6:mppt	4	static
../Core/Src/main.c:337:6:Display	24	static
../Core/Src/main.c:378:6:MainDutyAdjust	16	static
../Core/Src/main.c:391:6:KeyToControl	24	static
../Core/Src/main.c:477:6:paremeter_group_add	8	static
../Core/Src/main.c:485:6:paremeter_choose_add	8	static
../Core/Src/main.c:494:6:paremeter_display	16	static
../Core/Src/main.c:551:6:HAL_TIM_PeriodElapsedCallback	24	static
../Core/Src/main.c:572:6:Error_Handler	4	static,ignoring_inline_asm
